[backblue.gif]
[fade.gif]
[index.html]
[bucketadmin.themebucket.net/images/logo.png]
[bucketadmin.themebucket.net/images/avatar-mini.jpg]
[bucketadmin.themebucket.net/images/avatar-mini-2.jpg]
[bucketadmin.themebucket.net/images/avatar-mini-3.jpg]
[bucketadmin.themebucket.net/images/avatar1_small.jpg]
[bucketadmin.themebucket.net/images/chat-user-thumb.png]
[bucketadmin.themebucket.net/images/chat-user-thumb-f.png]
[bucketadmin.themebucket.net/images/weather_image.jpg]
[bucketadmin.themebucket.net/images/avatar1.jpg]
[bucketadmin.themebucket.net/images/chat-avatar2.jpg]
[cdnjs.cloudflare.com/ajax/libs/jquery-easing/1.3/jquery.easing.min.js]
[cdnjs.cloudflare.com/ajax/libs/underscore.js/1.5.2/underscore-min.js]
[bucketadmin.themebucket.net/index.html]
[bucketadmin.themebucket.net/images/favicon.html]
[bucketadmin.themebucket.net/bs3/fonts/glyphicons-halflings-regular.eot]
[bucketadmin.themebucket.net/bs3/fonts/glyphicons-halflings-regular.woff]
[bucketadmin.themebucket.net/bs3/fonts/glyphicons-halflings-regulard41d.eot]
[bucketadmin.themebucket.net/bs3/fonts/glyphicons-halflings-regular.ttf]
[bucketadmin.themebucket.net/bs3/css/bootstrap.min.css]
[bucketadmin.themebucket.net/assets/jquery-ui/images/animated-overlay.gif]
[bucketadmin.themebucket.net/assets/jquery-ui/images/ui-bg_highlight-soft_100_eeeeee_1x100.png]
[bucketadmin.themebucket.net/assets/jquery-ui/images/ui-bg_gloss-wave_35_f6a828_500x100.png]
[bucketadmin.themebucket.net/assets/jquery-ui/images/ui-bg_glass_100_f6f6f6_1x400.png]
[bucketadmin.themebucket.net/assets/jquery-ui/images/ui-bg_glass_100_fdf5ce_1x400.png]
[bucketadmin.themebucket.net/assets/jquery-ui/images/ui-bg_glass_65_ffffff_1x400.png]
[bucketadmin.themebucket.net/assets/jquery-ui/images/ui-bg_highlight-soft_75_ffe45c_1x100.png]
[bucketadmin.themebucket.net/assets/jquery-ui/images/ui-bg_diagonals-thick_18_b81900_40x40.png]
[bucketadmin.themebucket.net/assets/jquery-ui/images/ui-icons_222222_256x240.png]
[bucketadmin.themebucket.net/assets/jquery-ui/images/ui-icons_ffffff_256x240.png]
[bucketadmin.themebucket.net/assets/jquery-ui/images/ui-icons_ef8c08_256x240.png]
[bucketadmin.themebucket.net/assets/jquery-ui/images/ui-icons_228ef1_256x240.png]
[bucketadmin.themebucket.net/assets/jquery-ui/images/ui-icons_ffd27a_256x240.png]
[bucketadmin.themebucket.net/assets/jquery-ui/images/ui-bg_diagonals-thick_20_666666_40x40.png]
[bucketadmin.themebucket.net/assets/jquery-ui/images/ui-bg_flat_10_000000_40x100.png]
[bucketadmin.themebucket.net/assets/jquery-ui/jquery-ui-1.10.1.custom.min.css]
[bucketadmin.themebucket.net/css/bootstrap-reset.css]
[bucketadmin.themebucket.net/assets/font-awesome/fonts/fontawesome-webfontba72.eot]
[bucketadmin.themebucket.net/assets/font-awesome/fonts/fontawesome-webfontd41d.eot]
[bucketadmin.themebucket.net/assets/font-awesome/fonts/fontawesome-webfontba72.woff]
[bucketadmin.themebucket.net/assets/font-awesome/fonts/fontawesome-webfontba72.ttf]
[bucketadmin.themebucket.net/assets/font-awesome/css/font-awesome.css]
[bucketadmin.themebucket.net/assets/jvector-map/jquery-jvectormap-1.2.2.css]
[bucketadmin.themebucket.net/css/clndr.css]
[bucketadmin.themebucket.net/assets/css3clock/images/clockface.png]
[bucketadmin.themebucket.net/assets/css3clock/images/sechand.png]
[bucketadmin.themebucket.net/assets/css3clock/images/minhand.png]
[bucketadmin.themebucket.net/assets/css3clock/images/hourhand.png]
[bucketadmin.themebucket.net/assets/css3clock/css/style.css]
[bucketadmin.themebucket.net/assets/morris-chart/morris.css]
[bucketadmin.themebucket.net/images/nav-expand.png]
[bucketadmin.themebucket.net/images/acc-expand.png]
[bucketadmin.themebucket.net/images/top-arrow.png]
[bucketadmin.themebucket.net/images/search-icon.png]
[bucketadmin.themebucket.net/images/twitter_corner_blue.png]
[bucketadmin.themebucket.net/images/twitter_corner_black.png]
[bucketadmin.themebucket.net/images/customSelect-arrow.gif]
[bucketadmin.themebucket.net/images/lock-screen.jpg]
[bucketadmin.themebucket.net/css/style.css]
[bucketadmin.themebucket.net/css/style-responsive.css]
[bucketadmin.themebucket.net/index-2.html]
[bucketadmin.themebucket.net/login.html]
[bucketadmin.themebucket.net/boxed_page.html]
[bucketadmin.themebucket.net/horizontal_menu.html]
[bucketadmin.themebucket.net/images/flags/us.png]
[bucketadmin.themebucket.net/images/flags/es.png]
[bucketadmin.themebucket.net/images/flags/de.png]
[bucketadmin.themebucket.net/images/flags/ru.png]
[bucketadmin.themebucket.net/images/flags/fr.png]
[bucketadmin.themebucket.net/language_switch.html]
[bucketadmin.themebucket.net/general.html]
[bucketadmin.themebucket.net/buttons.html]
[bucketadmin.themebucket.net/images/lock_thumb.jpg]
[bucketadmin.themebucket.net/images/product_img.png]
[bucketadmin.themebucket.net/widget.html]
[bucketadmin.themebucket.net/slider.html]
[bucketadmin.themebucket.net/tree_view.html]
[bucketadmin.themebucket.net/nestable.html]
[bucketadmin.themebucket.net/grids.html]
[bucketadmin.themebucket.net/calendar.html]
[bucketadmin.themebucket.net/draggable_portlet.html]
[bucketadmin.themebucket.net/fontawesome.html]
[bucketadmin.themebucket.net/basic_table.html]
[bucketadmin.themebucket.net/responsive_table.html]
[bucketadmin.themebucket.net/dynamic_table.html]
[bucketadmin.themebucket.net/editable_table.html]
[bucketadmin.themebucket.net/form_component.html]
[bucketadmin.themebucket.net/advanced_form.html]
[bucketadmin.themebucket.net/form_wizard.html]
[bucketadmin.themebucket.net/form_validation.html]
[bucketadmin.themebucket.net/file_upload.html]
[bucketadmin.themebucket.net/dropzone.html]
[bucketadmin.themebucket.net/inline_editor.html]
[bucketadmin.themebucket.net/mail.html]
[bucketadmin.themebucket.net/mail_compose.html]
[bucketadmin.themebucket.net/mail_view.html]
[bucketadmin.themebucket.net/morris.html]
[bucketadmin.themebucket.net/chartjs.html]
[bucketadmin.themebucket.net/flot_chart.html]
[bucketadmin.themebucket.net/c3_chart.html]
[bucketadmin.themebucket.net/google_map.html]
[bucketadmin.themebucket.net/vector_map.html]
[bucketadmin.themebucket.net/blank.html]
[bucketadmin.themebucket.net/lock_screen.html]
[bucketadmin.themebucket.net/images/sm-img-1.jpg]
[bucketadmin.themebucket.net/images/sm-img-2.jpg]
[bucketadmin.themebucket.net/images/sm-img-3.jpg]
[bucketadmin.themebucket.net/images/avatar-mini-4.jpg]
[bucketadmin.themebucket.net/profile.html]
[bucketadmin.themebucket.net/images/bucket-logo.png]
[bucketadmin.themebucket.net/invoice.html]
[bucketadmin.themebucket.net/images/crazy-price.jpg]
[bucketadmin.themebucket.net/pricing_table.html]
[bucketadmin.themebucket.net/timeline.html]
[bucketadmin.themebucket.net/images/gallery/image1.jpg]
[bucketadmin.themebucket.net/images/gallery/image2.jpg]
[bucketadmin.themebucket.net/images/gallery/image3.jpg]
[bucketadmin.themebucket.net/images/gallery/image4.jpg]
[bucketadmin.themebucket.net/images/gallery/image5.jpg]
[bucketadmin.themebucket.net/gallery.html]
[bucketadmin.themebucket.net/images/404.png]
[bucketadmin.themebucket.net/404.html]
[bucketadmin.themebucket.net/images/500.png]
[bucketadmin.themebucket.net/500.html]
[bucketadmin.themebucket.net/registration.html]
[bucketadmin.themebucket.net/js/lib/jquery.js]
[bucketadmin.themebucket.net/assets/jquery-ui/jquery-ui-1.10.1.custom.min.js]
[bucketadmin.themebucket.net/bs3/js/bootstrap.min.js]
[bucketadmin.themebucket.net/js/accordion-menu/jquery.dcjqaccordion.2.7.js]
[bucketadmin.themebucket.net/js/scrollTo/jquery.scrollTo.min.js]
[bucketadmin.themebucket.net/assets/jQuery-slimScroll-1.3.0/jquery.slimscroll.js]
[bucketadmin.themebucket.net/js/nicescroll/jquery.nicescroll.js]
[bucketadmin.themebucket.net/assets/skycons/skycons.js]
[bucketadmin.themebucket.net/assets/jquery.scrollTo/jquery.scrollTo.js]
[bucketadmin.themebucket.net/assets/calendar/clndr.js]
[bucketadmin.themebucket.net/assets/calendar/moment-2.2.1.js]
[bucketadmin.themebucket.net/js/calendar/evnt.calendar.init.js]
[bucketadmin.themebucket.net/assets/jvector-map/jquery-jvectormap-1.2.2.min.js]
[bucketadmin.themebucket.net/assets/jvector-map/jquery-jvectormap-us-lcc-en.js]
[bucketadmin.themebucket.net/assets/gauge/gauge.js]
[bucketadmin.themebucket.net/assets/css3clock/js/script.js]
[bucketadmin.themebucket.net/assets/easypiechart/jquery.easypiechart.js]
[bucketadmin.themebucket.net/assets/sparkline/jquery.sparkline.js]
[bucketadmin.themebucket.net/assets/morris-chart/morris.js]
[bucketadmin.themebucket.net/assets/morris-chart/raphael-min.js]
[bucketadmin.themebucket.net/assets/flot-chart/jquery.flot.js]
[bucketadmin.themebucket.net/assets/flot-chart/jquery.flot.tooltip.min.js]
[bucketadmin.themebucket.net/assets/flot-chart/jquery.flot.resize.js]
[bucketadmin.themebucket.net/assets/flot-chart/jquery.flot.pie.resize.js]
[bucketadmin.themebucket.net/assets/flot-chart/jquery.flot.animator.min.js]
[bucketadmin.themebucket.net/assets/flot-chart/jquery.flot.growraf.js]
[bucketadmin.themebucket.net/js/dashboard.js]
[bucketadmin.themebucket.net/js/custom-select/jquery.customSelect.min.js]
[bucketadmin.themebucket.net/js/scripts.js]
[bucketadmin.themebucket.net/bs3/fonts/glyphicons-halflings-regular.svg]
[bucketadmin.themebucket.net/assets/font-awesome/fonts/fontawesome-webfontba72.svg]
[bucketadmin.themebucket.net/bucket-ico-fonts/bucket-ico-font.eot]
[bucketadmin.themebucket.net/bucket-ico-fonts/bucket-ico-font.woff]
[bucketadmin.themebucket.net/bucket-ico-fonts/bucket-ico-font.ttf]
[bucketadmin.themebucket.net/css/bucket-ico-fonts.css]
[bucketadmin.themebucket.net/bucket-ico-fonts/bucket-ico-fontd41d.eot]
[bucketadmin.themebucket.net/font_awesome.html]
[bucketadmin.themebucket.net/js/hover-down/hover-dropdown.js]
[bucketadmin.themebucket.net/assets/gritter/images/ie-spacer.gif]
[bucketadmin.themebucket.net/assets/gritter/images/gritter.png]
[bucketadmin.themebucket.net/assets/gritter/images/gritter-light.png]
[bucketadmin.themebucket.net/assets/gritter/css/jquery.gritter.css]
[bucketadmin.themebucket.net/js/lib/jquery-1.8.3.min.js]
[bucketadmin.themebucket.net/assets/gritter/js/jquery.gritter.js]
[bucketadmin.themebucket.net/js/gritter/gritter.js]
[bucketadmin.themebucket.net/assets/bootstrap-switch-master/build/css/bootstrap3/bootstrap-switch.css]
[bucketadmin.themebucket.net/assets/jplayer/skin/blue.monday/jplayer.blue.monday.png]
[bucketadmin.themebucket.net/assets/jplayer/skin/blue.monday/jplayer.blue.monday.seeking.gif]
[bucketadmin.themebucket.net/assets/jplayer/skin/blue.monday/jplayer.blue.monday.video.play.png]
[bucketadmin.themebucket.net/assets/jplayer/skin/blue.monday/jplayer.blue.monday.css]
[bucketadmin.themebucket.net/assets/bootstrap-switch-master/build/js/bootstrap-switch.js]
[bucketadmin.themebucket.net/assets/jplayer/js/jquery.jplayer.min.js]
[bucketadmin.themebucket.net/assets/jplayer/jplayer.init.js]
[bucketadmin.themebucket.net/js/toggle-button/toggle-init.js]
[bucketadmin.themebucket.net/assets/ion.rangeSlider-1.8.2/css/ion.rangeSlider.css]
[bucketadmin.themebucket.net/assets/ion.rangeSlider-1.8.2/img/sprite-skin-flat.png]
[bucketadmin.themebucket.net/assets/ion.rangeSlider-1.8.2/css/ion.rangeSlider.skinFlat.css]
[bucketadmin.themebucket.net/assets/ion.rangeSlider-1.8.2/js/ion-rangeSlider/ion.rangeSlider.min.js]
[bucketadmin.themebucket.net/assets/fuelux/img/tree-icons.png]
[bucketadmin.themebucket.net/assets/fuelux/css/tree-style.css]
[bucketadmin.themebucket.net/assets/fuelux/js/tree.min.js]
[bucketadmin.themebucket.net/js/tree/tree.js]
[bucketadmin.themebucket.net/assets/nestable/jquery.nestable.css]
[bucketadmin.themebucket.net/assets/nestable/jquery.nestable.js]
[bucketadmin.themebucket.net/js/nestable/nestable.js]
[bucketadmin.themebucket.net/assets/fullcalendar/fullcalendar/bootstrap-fullcalendar.css]
[bucketadmin.themebucket.net/js/lib/jquery-ui-1.9.2.custom.min.js]
[bucketadmin.themebucket.net/assets/fullcalendar/fullcalendar/fullcalendar.min.js]
[bucketadmin.themebucket.net/js/calendar/external-dragging-calendar.js]
[bucketadmin.themebucket.net/js/draggable-portlet/draggable-portlet.js]
[bucketadmin.themebucket.net/css/table-responsive.css]
[bucketadmin.themebucket.net/assets/advanced-datatable/media/css/demo_page.css]
[bucketadmin.themebucket.net/assets/advanced-datatable/media/images/back_disabled.png]
[bucketadmin.themebucket.net/assets/advanced-datatable/media/images/back_enabled.png]
[bucketadmin.themebucket.net/assets/advanced-datatable/media/images/back_enabled_hover.png]
[bucketadmin.themebucket.net/assets/advanced-datatable/media/images/forward_disabled.png]
[bucketadmin.themebucket.net/assets/advanced-datatable/media/images/forward_enabled.png]
[bucketadmin.themebucket.net/assets/advanced-datatable/media/images/forward_enabled_hover.png]
[bucketadmin.themebucket.net/assets/advanced-datatable/media/images/sort_asc.png]
[bucketadmin.themebucket.net/assets/advanced-datatable/media/images/sort_desc.png]
[bucketadmin.themebucket.net/assets/advanced-datatable/media/images/sort_both.png]
[bucketadmin.themebucket.net/assets/advanced-datatable/media/images/sort_asc_disabled.png]
[bucketadmin.themebucket.net/assets/advanced-datatable/media/images/sort_desc_disabled.png]
[bucketadmin.themebucket.net/assets/advanced-datatable/media/css/demo_table.css]
[bucketadmin.themebucket.net/assets/data-tables/images/sort_both.png]
[bucketadmin.themebucket.net/assets/data-tables/images/sort_asc.png]
[bucketadmin.themebucket.net/assets/data-tables/images/sort_desc.png]
[bucketadmin.themebucket.net/assets/data-tables/DT_bootstrap.css]
[bucketadmin.themebucket.net/assets/advanced-datatable/media/js/jquery.dataTables.js]
[bucketadmin.themebucket.net/assets/data-tables/DT_bootstrap.js]
[bucketadmin.themebucket.net/assets/advanced-datatable/examples/examples_support/details_open.png]
[bucketadmin.themebucket.net/assets/advanced-datatable/examples/examples_support/details_close.png]
[bucketadmin.themebucket.net/js/dynamic_table/dynamic_table_init.js]
[bucketadmin.themebucket.net/assets/data-tables/jquery.dataTables.js]
[bucketadmin.themebucket.net/js/editable-table/table-editable.js]
[bucketadmin.themebucket.net/assets/iCheck-master/skins/minimal/minimal.png]
[bucketadmin.themebucket.net/assets/iCheck-master/skins/minimal/minimal@2x.png]
[bucketadmin.themebucket.net/assets/iCheck-master/skins/minimal/minimal.css]
[bucketadmin.themebucket.net/assets/iCheck-master/skins/minimal/red.png]
[bucketadmin.themebucket.net/assets/iCheck-master/skins/minimal/red@2x.png]
[bucketadmin.themebucket.net/assets/iCheck-master/skins/minimal/red.css]
[bucketadmin.themebucket.net/assets/iCheck-master/skins/minimal/green.png]
[bucketadmin.themebucket.net/assets/iCheck-master/skins/minimal/green@2x.png]
[bucketadmin.themebucket.net/assets/iCheck-master/skins/minimal/green.css]
[bucketadmin.themebucket.net/assets/iCheck-master/skins/minimal/blue.png]
[bucketadmin.themebucket.net/assets/iCheck-master/skins/minimal/blue@2x.png]
[bucketadmin.themebucket.net/assets/iCheck-master/skins/minimal/blue.css]
[bucketadmin.themebucket.net/assets/iCheck-master/skins/minimal/yellow.png]
[bucketadmin.themebucket.net/assets/iCheck-master/skins/minimal/yellow@2x.png]
[bucketadmin.themebucket.net/assets/iCheck-master/skins/minimal/yellow.css]
[bucketadmin.themebucket.net/assets/iCheck-master/skins/minimal/purple.png]
[bucketadmin.themebucket.net/assets/iCheck-master/skins/minimal/purple@2x.png]
[bucketadmin.themebucket.net/assets/iCheck-master/skins/minimal/purple.css]
[bucketadmin.themebucket.net/assets/iCheck-master/skins/square/square.png]
[bucketadmin.themebucket.net/assets/iCheck-master/skins/square/square@2x.png]
[bucketadmin.themebucket.net/assets/iCheck-master/skins/square/square.css]
[bucketadmin.themebucket.net/assets/iCheck-master/skins/square/red.png]
[bucketadmin.themebucket.net/assets/iCheck-master/skins/square/red@2x.png]
[bucketadmin.themebucket.net/assets/iCheck-master/skins/square/red.css]
[bucketadmin.themebucket.net/assets/iCheck-master/skins/square/green.png]
[bucketadmin.themebucket.net/assets/iCheck-master/skins/square/green@2x.png]
[bucketadmin.themebucket.net/assets/iCheck-master/skins/square/green.css]
[bucketadmin.themebucket.net/assets/iCheck-master/skins/square/blue.png]
[bucketadmin.themebucket.net/assets/iCheck-master/skins/square/blue@2x.png]
[bucketadmin.themebucket.net/assets/iCheck-master/skins/square/blue.css]
[bucketadmin.themebucket.net/assets/iCheck-master/skins/square/yellow.png]
[bucketadmin.themebucket.net/assets/iCheck-master/skins/square/yellow@2x.png]
[bucketadmin.themebucket.net/assets/iCheck-master/skins/square/yellow.css]
[bucketadmin.themebucket.net/assets/iCheck-master/skins/square/purple.png]
[bucketadmin.themebucket.net/assets/iCheck-master/skins/square/purple@2x.png]
[bucketadmin.themebucket.net/assets/iCheck-master/skins/square/purple.css]
[bucketadmin.themebucket.net/assets/iCheck-master/skins/flat/grey.png]
[bucketadmin.themebucket.net/assets/iCheck-master/skins/flat/grey@2x.png]
[bucketadmin.themebucket.net/assets/iCheck-master/skins/flat/grey.css]
[bucketadmin.themebucket.net/assets/iCheck-master/skins/flat/red.png]
[bucketadmin.themebucket.net/assets/iCheck-master/skins/flat/red@2x.png]
[bucketadmin.themebucket.net/assets/iCheck-master/skins/flat/red.css]
[bucketadmin.themebucket.net/assets/iCheck-master/skins/flat/green.png]
[bucketadmin.themebucket.net/assets/iCheck-master/skins/flat/green@2x.png]
[bucketadmin.themebucket.net/assets/iCheck-master/skins/flat/green.css]
[bucketadmin.themebucket.net/assets/iCheck-master/skins/flat/blue.png]
[bucketadmin.themebucket.net/assets/iCheck-master/skins/flat/blue@2x.png]
[bucketadmin.themebucket.net/assets/iCheck-master/skins/flat/blue.css]
[bucketadmin.themebucket.net/assets/iCheck-master/skins/flat/yellow.png]
[bucketadmin.themebucket.net/assets/iCheck-master/skins/flat/yellow@2x.png]
[bucketadmin.themebucket.net/assets/iCheck-master/skins/flat/yellow.css]
[bucketadmin.themebucket.net/assets/iCheck-master/skins/flat/purple.png]
[bucketadmin.themebucket.net/assets/iCheck-master/skins/flat/purple@2x.png]
[bucketadmin.themebucket.net/assets/iCheck-master/skins/flat/purple.css]
[bucketadmin.themebucket.net/assets/iCheck-master/jquery.icheck.js]
[bucketadmin.themebucket.net/assets/ckeditor/ckeditor.js]
[bucketadmin.themebucket.net/js/icheck/icheck-init.js]
[bucketadmin.themebucket.net/assets/bootstrap-fileupload/bootstrap-fileupload.css]
[bucketadmin.themebucket.net/assets/bootstrap-wysihtml5/bootstrap-wysihtml5.css]
[bucketadmin.themebucket.net/assets/bootstrap-datepicker/css/datepicker.css]
[bucketadmin.themebucket.net/assets/bootstrap-timepicker/compiled/timepicker.css]
[bucketadmin.themebucket.net/assets/bootstrap-colorpicker/img/saturation.png]
[bucketadmin.themebucket.net/assets/bootstrap-colorpicker/img/hue.png]
[bucketadmin.themebucket.net/assets/bootstrap-colorpicker/img/alpha.png]
[bucketadmin.themebucket.net/assets/bootstrap-colorpicker/css/colorpicker.css]
[bucketadmin.themebucket.net/assets/bootstrap-daterangepicker/daterangepicker-bs3.css]
[bucketadmin.themebucket.net/assets/bootstrap-datetimepicker/css/datetimepicker.css]
[bucketadmin.themebucket.net/assets/jquery-multi-select/img/switch.png]
[bucketadmin.themebucket.net/assets/jquery-multi-select/css/multi-select.css]
[bucketadmin.themebucket.net/assets/jquery-tags-input/jquery.tagsinput.css]
[bucketadmin.themebucket.net/assets/select2-master/select2.png]
[bucketadmin.themebucket.net/assets/select2-master/select2-spinner.gif]
[bucketadmin.themebucket.net/assets/select2-master/select2x2.png]
[bucketadmin.themebucket.net/assets/select2-master/select2.css]
[bucketadmin.themebucket.net/assets/fuelux/js/spinner.min.js]
[bucketadmin.themebucket.net/assets/bootstrap-fileupload/bootstrap-fileupload.js]
[bucketadmin.themebucket.net/assets/bootstrap-wysihtml5/wysihtml5-0.3.0.js]
[bucketadmin.themebucket.net/assets/bootstrap-wysihtml5/bootstrap-wysihtml5.js]
[bucketadmin.themebucket.net/assets/bootstrap-datepicker/js/bootstrap-datepicker.js]
[bucketadmin.themebucket.net/assets/bootstrap-datetimepicker/js/bootstrap-datetimepicker.js]
[bucketadmin.themebucket.net/assets/bootstrap-daterangepicker/moment.min.js]
[bucketadmin.themebucket.net/assets/bootstrap-daterangepicker/daterangepicker.js]
[bucketadmin.themebucket.net/assets/bootstrap-colorpicker/js/bootstrap-colorpicker.js]
[bucketadmin.themebucket.net/assets/bootstrap-timepicker/js/bootstrap-timepicker.js]
[bucketadmin.themebucket.net/assets/jquery-multi-select/js/jquery.multi-select.js]
[bucketadmin.themebucket.net/assets/jquery-multi-select/js/jquery.quicksearch.js]
[bucketadmin.themebucket.net/assets/bootstrap-inputmask/bootstrap-inputmask.min.js]
[bucketadmin.themebucket.net/assets/jquery-tags-input/jquery.tagsinput.js]
[bucketadmin.themebucket.net/assets/select2-master/select2.js]
[bucketadmin.themebucket.net/js/select2/select-init.js]
[bucketadmin.themebucket.net/js/advanced-form/advanced-form.js]
[bucketadmin.themebucket.net/assets/jquery-steps-master/demo/css/jquery.steps.css]
[bucketadmin.themebucket.net/assets/jquery-steps-master/build/jquery.steps.js]
[bucketadmin.themebucket.net/js/jquery-validate/jquery.validate.min.js]
[bucketadmin.themebucket.net/js/jquery-validate/validation-init.js]
[blueimp.github.io/Gallery/img/loading.gif]
[blueimp.github.io/Gallery/img/error.png]
[blueimp.github.io/Gallery/img/play-pause.png]
[blueimp.github.io/Gallery/img/video-play.png]
[blueimp.github.io/Gallery/css/blueimp-gallery.min.css]
[bucketadmin.themebucket.net/assets/file-uploader/css/jquery.fileupload.css]
[bucketadmin.themebucket.net/assets/file-uploader/img/progressbar.gif]
[bucketadmin.themebucket.net/assets/file-uploader/img/loading.gif]
[bucketadmin.themebucket.net/assets/file-uploader/css/jquery.fileupload-ui.css]
[bucketadmin.themebucket.net/assets/file-uploader/css/jquery.fileupload-noscript.css]
[bucketadmin.themebucket.net/assets/file-uploader/css/jquery.fileupload-ui-noscript.css]
[bucketadmin.themebucket.net/assets/file-uploader/js/vendor/jquery.ui.widget.js]
[blueimp.github.io/JavaScript-Templates/js/tmpl.min.js]
[blueimp.github.io/JavaScript-Load-Image/js/load-image.min.js]
[blueimp.github.io/JavaScript-Canvas-to-Blob/js/canvas-to-blob.min.js]
[blueimp.github.io/Gallery/js/jquery.blueimp-gallery.min.js]
[bucketadmin.themebucket.net/assets/file-uploader/js/jquery.iframe-transport.js]
[bucketadmin.themebucket.net/assets/file-uploader/js/jquery.fileupload.js]
[bucketadmin.themebucket.net/assets/file-uploader/js/jquery.fileupload-process.js]
[bucketadmin.themebucket.net/assets/file-uploader/js/jquery.fileupload-image.js]
[bucketadmin.themebucket.net/assets/file-uploader/js/jquery.fileupload-audio.js]
[bucketadmin.themebucket.net/assets/file-uploader/js/jquery.fileupload-video.js]
[bucketadmin.themebucket.net/assets/file-uploader/js/jquery.fileupload-validate.js]
[bucketadmin.themebucket.net/assets/file-uploader/js/jquery.fileupload-ui.js]
[bucketadmin.themebucket.net/assets/file-uploader/js/main.js]
[bucketadmin.themebucket.net/assets/mini-upload-form/assets/css/bucketmin.css]
[bucketadmin.themebucket.net/assets/mini-upload-form/assets/js/jquery.knob.js]
[bucketadmin.themebucket.net/assets/mini-upload-form/assets/js/jquery.ui.widget.js]
[bucketadmin.themebucket.net/assets/mini-upload-form/assets/js/jquery.iframe-transport.js]
[bucketadmin.themebucket.net/assets/mini-upload-form/assets/js/jquery.fileupload.js]
[bucketadmin.themebucket.net/assets/mini-upload-form/assets/js/script.js]
[bucketadmin.themebucket.net/js/morris/morris.init.js]
[bucketadmin.themebucket.net/assets/chart-js/Chart.js]
[bucketadmin.themebucket.net/js/chartjs/chartjs.init.js]
[bucketadmin.themebucket.net/assets/flot-chart/jquery.flot.selection.js]
[bucketadmin.themebucket.net/assets/flot-chart/jquery.flot.stack.js]
[bucketadmin.themebucket.net/assets/flot-chart/jquery.flot.time.js]
[bucketadmin.themebucket.net/js/flot-chart/flot.chart.init.js]
[bucketadmin.themebucket.net/assets/c3-chart/c3.css]
[bucketadmin.themebucket.net/assets/c3-chart/c3.js]
[bucketadmin.themebucket.net/js/c3-chart/c3-chart.init.js]
[bucketadmin.themebucket.net/assets/google-map/maplace.js]
[bucketadmin.themebucket.net/assets/google-map/data/points.js]
[bucketadmin.themebucket.net/assets/jvector-map/jqvmap/jquery.vmap.js]
[bucketadmin.themebucket.net/assets/jvector-map/jqvmap/maps/jquery.vmap.world.js]
[bucketadmin.themebucket.net/assets/jvector-map/jqvmap/data/jquery.vmap.sampledata.js]
[bucketadmin.themebucket.net/assets/jvector-map/jqvmap/maps/continents/jquery.vmap.europe.js]
[bucketadmin.themebucket.net/assets/jvector-map/jqvmap/maps/continents/jquery.vmap.asia.js]
[bucketadmin.themebucket.net/assets/jvector-map/jqvmap/maps/continents/jquery.vmap.australia.js]
[bucketadmin.themebucket.net/img/favicon.html]
[bucketadmin.themebucket.net/css/invoice-print.css]
[bucketadmin.themebucket.net/assets/mini-upload-form/assets/img/icons.png]
[bucketadmin.themebucket.net/js/isotope/jquery.isotope.js]
[bucketadmin.themebucket.net/css/bootstrap.min.html]
[bucketadmin.themebucket.net/Popover requires tooltip.html]
[bucketadmin.themebucket.net/bucket-ico-fonts/bucket-ico-font.svg]
[bucketadmin.themebucket.net/assets/data-tables/images/sort_asc_disabled.html]
[bucketadmin.themebucket.net/assets/data-tables/images/sort_desc_disabled.html]
[bucketadmin.themebucket.net/applewebkit/index.html]
[bucketadmin.themebucket.net/adobeair/index.html]
[bucketadmin.themebucket.net/plugins/index.html]
[bucketadmin.themebucket.net/styles.html]
[bucketadmin.themebucket.net/chrome/index.html]
[bucketadmin.themebucket.net/AppleWebKit/index-2.html]
[bucketadmin.themebucket.net/Chrome/index-2.html]
[bucketadmin.themebucket.net/Opera/index.html]
[bucketadmin.themebucket.net/hpwos/index.html]
[bucketadmin.themebucket.net/_.html]
[bucketadmin.themebucket.net/applewebkit/images/favicon.html]
[bucketadmin.themebucket.net/applewebkit/bs3/css/bootstrap.min.html]
[bucketadmin.themebucket.net/applewebkit/assets/jquery-ui/jquery-ui-1.10.1.custom.min.html]
[bucketadmin.themebucket.net/applewebkit/css/bootstrap-reset.html]
[bucketadmin.themebucket.net/applewebkit/assets/font-awesome/css/font-awesome.html]
[bucketadmin.themebucket.net/applewebkit/assets/jvector-map/jquery-jvectormap-1.2.2.html]
[bucketadmin.themebucket.net/applewebkit/css/clndr.html]
[bucketadmin.themebucket.net/applewebkit/assets/css3clock/css/style.html]
[bucketadmin.themebucket.net/applewebkit/assets/morris-chart/morris.html]
[bucketadmin.themebucket.net/applewebkit/css/style.html]
[bucketadmin.themebucket.net/applewebkit/css/style-responsive.html]
[bucketadmin.themebucket.net/applewebkit/index-3.html]
[bucketadmin.themebucket.net/applewebkit/images/logo.html]
[bucketadmin.themebucket.net/applewebkit/images/avatar-mini.html]
[bucketadmin.themebucket.net/applewebkit/images/avatar-mini-2.html]
[bucketadmin.themebucket.net/applewebkit/images/avatar-mini-3.html]
[bucketadmin.themebucket.net/applewebkit/images/avatar1_small.html]
[bucketadmin.themebucket.net/applewebkit/login.html]
[bucketadmin.themebucket.net/applewebkit/boxed_page.html]
[bucketadmin.themebucket.net/applewebkit/horizontal_menu.html]
[bucketadmin.themebucket.net/applewebkit/language_switch.html]
[bucketadmin.themebucket.net/applewebkit/general.html]
[bucketadmin.themebucket.net/applewebkit/buttons.html]
[bucketadmin.themebucket.net/applewebkit/widget.html]
[bucketadmin.themebucket.net/applewebkit/slider.html]
[bucketadmin.themebucket.net/applewebkit/tree_view.html]
[bucketadmin.themebucket.net/applewebkit/nestable.html]
[bucketadmin.themebucket.net/applewebkit/grids.html]
[bucketadmin.themebucket.net/applewebkit/calendar.html]
[bucketadmin.themebucket.net/applewebkit/draggable_portlet.html]
[bucketadmin.themebucket.net/applewebkit/fontawesome.html]
[bucketadmin.themebucket.net/applewebkit/basic_table.html]
[bucketadmin.themebucket.net/applewebkit/responsive_table.html]
[bucketadmin.themebucket.net/applewebkit/dynamic_table.html]
[bucketadmin.themebucket.net/applewebkit/editable_table.html]
[bucketadmin.themebucket.net/applewebkit/form_component.html]
[bucketadmin.themebucket.net/applewebkit/advanced_form.html]
[bucketadmin.themebucket.net/applewebkit/form_wizard.html]
[bucketadmin.themebucket.net/applewebkit/form_validation.html]
[bucketadmin.themebucket.net/applewebkit/file_upload.html]
[bucketadmin.themebucket.net/applewebkit/dropzone.html]
[bucketadmin.themebucket.net/applewebkit/inline_editor.html]
[bucketadmin.themebucket.net/applewebkit/mail.html]
[bucketadmin.themebucket.net/applewebkit/mail_compose.html]
[bucketadmin.themebucket.net/applewebkit/mail_view.html]
[bucketadmin.themebucket.net/applewebkit/morris.html]
[bucketadmin.themebucket.net/applewebkit/chartjs.html]
[bucketadmin.themebucket.net/applewebkit/flot_chart.html]
[bucketadmin.themebucket.net/applewebkit/c3_chart.html]
[bucketadmin.themebucket.net/applewebkit/google_map.html]
[bucketadmin.themebucket.net/applewebkit/vector_map.html]
[bucketadmin.themebucket.net/applewebkit/blank.html]
[bucketadmin.themebucket.net/applewebkit/lock_screen.html]
[bucketadmin.themebucket.net/applewebkit/profile.html]
[bucketadmin.themebucket.net/applewebkit/invoice.html]
[bucketadmin.themebucket.net/applewebkit/pricing_table.html]
[bucketadmin.themebucket.net/applewebkit/timeline.html]
[bucketadmin.themebucket.net/applewebkit/gallery.html]
[bucketadmin.themebucket.net/applewebkit/404.html]
[bucketadmin.themebucket.net/applewebkit/500.html]
[bucketadmin.themebucket.net/applewebkit/registration.html]
[bucketadmin.themebucket.net/applewebkit/images/chat-user-thumb.html]
[bucketadmin.themebucket.net/applewebkit/images/chat-user-thumb-f.html]
[bucketadmin.themebucket.net/applewebkit/images/weather_image.html]
[bucketadmin.themebucket.net/applewebkit/images/avatar1.html]
[bucketadmin.themebucket.net/applewebkit/images/chat-avatar2.html]
[bucketadmin.themebucket.net/applewebkit/js/lib/jquery.html]
[bucketadmin.themebucket.net/applewebkit/assets/jquery-ui/jquery-ui-1.10.1.custom.min-2.html]
[bucketadmin.themebucket.net/applewebkit/bs3/js/bootstrap.min.html]
[bucketadmin.themebucket.net/applewebkit/js/accordion-menu/jquery.dcjqaccordion.2.7.html]
[bucketadmin.themebucket.net/applewebkit/js/scrollTo/jquery.scrollTo.min.html]
[bucketadmin.themebucket.net/applewebkit/assets/jQuery-slimScroll-1.3.0/jquery.slimscroll.html]
[bucketadmin.themebucket.net/applewebkit/js/nicescroll/jquery.nicescroll.html]
[bucketadmin.themebucket.net/applewebkit/assets/skycons/skycons.html]
[bucketadmin.themebucket.net/applewebkit/assets/jquery.scrollTo/jquery.scrollTo.html]
[bucketadmin.themebucket.net/applewebkit/assets/calendar/clndr.html]
[bucketadmin.themebucket.net/applewebkit/assets/calendar/moment-2.2.1.html]
[bucketadmin.themebucket.net/applewebkit/js/calendar/evnt.calendar.init.html]
[bucketadmin.themebucket.net/applewebkit/assets/jvector-map/jquery-jvectormap-1.2.2.min.html]
[bucketadmin.themebucket.net/applewebkit/assets/jvector-map/jquery-jvectormap-us-lcc-en.html]
[bucketadmin.themebucket.net/applewebkit/assets/gauge/gauge.html]
[bucketadmin.themebucket.net/applewebkit/assets/css3clock/js/script.html]
[bucketadmin.themebucket.net/applewebkit/assets/easypiechart/jquery.easypiechart.html]
[bucketadmin.themebucket.net/applewebkit/assets/sparkline/jquery.sparkline.html]
[bucketadmin.themebucket.net/applewebkit/assets/morris-chart/morris-2.html]
[bucketadmin.themebucket.net/applewebkit/assets/morris-chart/raphael-min.html]
[bucketadmin.themebucket.net/applewebkit/assets/flot-chart/jquery.flot.html]
[bucketadmin.themebucket.net/applewebkit/assets/flot-chart/jquery.flot.tooltip.min.html]
[bucketadmin.themebucket.net/applewebkit/assets/flot-chart/jquery.flot.resize.html]
[bucketadmin.themebucket.net/applewebkit/assets/flot-chart/jquery.flot.pie.resize.html]
[bucketadmin.themebucket.net/applewebkit/assets/flot-chart/jquery.flot.animator.min.html]
[bucketadmin.themebucket.net/applewebkit/assets/flot-chart/jquery.flot.growraf.html]
[bucketadmin.themebucket.net/applewebkit/js/dashboard.html]
[bucketadmin.themebucket.net/applewebkit/js/custom-select/jquery.customSelect.min.html]
[bucketadmin.themebucket.net/applewebkit/js/scripts.html]
[bucketadmin.themebucket.net/adobeair/images/favicon.html]
[bucketadmin.themebucket.net/adobeair/bs3/css/bootstrap.min.html]
[bucketadmin.themebucket.net/adobeair/assets/jquery-ui/jquery-ui-1.10.1.custom.min.html]
[bucketadmin.themebucket.net/adobeair/css/bootstrap-reset.html]
[bucketadmin.themebucket.net/adobeair/assets/font-awesome/css/font-awesome.html]
[bucketadmin.themebucket.net/adobeair/assets/jvector-map/jquery-jvectormap-1.2.2.html]
[bucketadmin.themebucket.net/adobeair/css/clndr.html]
[bucketadmin.themebucket.net/adobeair/assets/css3clock/css/style.html]
[bucketadmin.themebucket.net/adobeair/assets/morris-chart/morris.html]
[bucketadmin.themebucket.net/adobeair/css/style.html]
[bucketadmin.themebucket.net/adobeair/css/style-responsive.html]
[bucketadmin.themebucket.net/adobeair/index-2.html]
[bucketadmin.themebucket.net/adobeair/images/logo.html]
[bucketadmin.themebucket.net/adobeair/images/avatar-mini.html]
[bucketadmin.themebucket.net/adobeair/images/avatar-mini-2.html]
[bucketadmin.themebucket.net/adobeair/images/avatar-mini-3.html]
[bucketadmin.themebucket.net/adobeair/images/avatar1_small.html]
[bucketadmin.themebucket.net/adobeair/login.html]
[bucketadmin.themebucket.net/adobeair/boxed_page.html]
[bucketadmin.themebucket.net/adobeair/horizontal_menu.html]
[bucketadmin.themebucket.net/adobeair/language_switch.html]
[bucketadmin.themebucket.net/adobeair/general.html]
[bucketadmin.themebucket.net/adobeair/buttons.html]
[bucketadmin.themebucket.net/adobeair/widget.html]
[bucketadmin.themebucket.net/adobeair/slider.html]
[bucketadmin.themebucket.net/adobeair/tree_view.html]
[bucketadmin.themebucket.net/adobeair/nestable.html]
[bucketadmin.themebucket.net/adobeair/grids.html]
[bucketadmin.themebucket.net/adobeair/calendar.html]
[bucketadmin.themebucket.net/adobeair/draggable_portlet.html]
[bucketadmin.themebucket.net/adobeair/fontawesome.html]
[bucketadmin.themebucket.net/adobeair/basic_table.html]
[bucketadmin.themebucket.net/adobeair/responsive_table.html]
[bucketadmin.themebucket.net/adobeair/dynamic_table.html]
[bucketadmin.themebucket.net/adobeair/editable_table.html]
[bucketadmin.themebucket.net/adobeair/form_component.html]
[bucketadmin.themebucket.net/adobeair/advanced_form.html]
[bucketadmin.themebucket.net/adobeair/form_wizard.html]
[bucketadmin.themebucket.net/adobeair/form_validation.html]
[bucketadmin.themebucket.net/adobeair/file_upload.html]
[bucketadmin.themebucket.net/adobeair/dropzone.html]
[bucketadmin.themebucket.net/adobeair/inline_editor.html]
[bucketadmin.themebucket.net/adobeair/mail.html]
[bucketadmin.themebucket.net/adobeair/mail_compose.html]
[bucketadmin.themebucket.net/adobeair/mail_view.html]
[bucketadmin.themebucket.net/adobeair/morris.html]
[bucketadmin.themebucket.net/adobeair/chartjs.html]
[bucketadmin.themebucket.net/adobeair/flot_chart.html]
[bucketadmin.themebucket.net/adobeair/c3_chart.html]
[bucketadmin.themebucket.net/adobeair/google_map.html]
[bucketadmin.themebucket.net/adobeair/vector_map.html]
[bucketadmin.themebucket.net/adobeair/blank.html]
[bucketadmin.themebucket.net/adobeair/lock_screen.html]
[bucketadmin.themebucket.net/adobeair/profile.html]
[bucketadmin.themebucket.net/adobeair/invoice.html]
[bucketadmin.themebucket.net/adobeair/pricing_table.html]
[bucketadmin.themebucket.net/adobeair/timeline.html]
[bucketadmin.themebucket.net/adobeair/gallery.html]
[bucketadmin.themebucket.net/adobeair/404.html]
[bucketadmin.themebucket.net/adobeair/500.html]
[bucketadmin.themebucket.net/adobeair/registration.html]
[bucketadmin.themebucket.net/adobeair/images/chat-user-thumb.html]
[bucketadmin.themebucket.net/adobeair/images/chat-user-thumb-f.html]
[bucketadmin.themebucket.net/adobeair/images/weather_image.html]
[bucketadmin.themebucket.net/adobeair/images/avatar1.html]
[bucketadmin.themebucket.net/adobeair/images/chat-avatar2.html]
[bucketadmin.themebucket.net/adobeair/js/lib/jquery.html]
[bucketadmin.themebucket.net/adobeair/assets/jquery-ui/jquery-ui-1.10.1.custom.min-2.html]
[bucketadmin.themebucket.net/adobeair/bs3/js/bootstrap.min.html]
[bucketadmin.themebucket.net/adobeair/js/accordion-menu/jquery.dcjqaccordion.2.7.html]
[bucketadmin.themebucket.net/adobeair/js/scrollTo/jquery.scrollTo.min.html]
[bucketadmin.themebucket.net/adobeair/assets/jQuery-slimScroll-1.3.0/jquery.slimscroll.html]
[bucketadmin.themebucket.net/adobeair/js/nicescroll/jquery.nicescroll.html]
[bucketadmin.themebucket.net/adobeair/assets/skycons/skycons.html]
[bucketadmin.themebucket.net/adobeair/assets/jquery.scrollTo/jquery.scrollTo.html]
[bucketadmin.themebucket.net/adobeair/assets/calendar/clndr.html]
[bucketadmin.themebucket.net/adobeair/assets/calendar/moment-2.2.1.html]
[bucketadmin.themebucket.net/adobeair/js/calendar/evnt.calendar.init.html]
[bucketadmin.themebucket.net/adobeair/assets/jvector-map/jquery-jvectormap-1.2.2.min.html]
[bucketadmin.themebucket.net/adobeair/assets/jvector-map/jquery-jvectormap-us-lcc-en.html]
[bucketadmin.themebucket.net/adobeair/assets/gauge/gauge.html]
[bucketadmin.themebucket.net/adobeair/assets/css3clock/js/script.html]
[bucketadmin.themebucket.net/adobeair/assets/easypiechart/jquery.easypiechart.html]
[bucketadmin.themebucket.net/adobeair/assets/sparkline/jquery.sparkline.html]
[bucketadmin.themebucket.net/adobeair/assets/morris-chart/morris-2.html]
[bucketadmin.themebucket.net/adobeair/assets/morris-chart/raphael-min.html]
[bucketadmin.themebucket.net/adobeair/assets/flot-chart/jquery.flot.html]
[bucketadmin.themebucket.net/adobeair/assets/flot-chart/jquery.flot.tooltip.min.html]
[bucketadmin.themebucket.net/adobeair/assets/flot-chart/jquery.flot.resize.html]
[bucketadmin.themebucket.net/adobeair/assets/flot-chart/jquery.flot.pie.resize.html]
[bucketadmin.themebucket.net/adobeair/assets/flot-chart/jquery.flot.animator.min.html]
[bucketadmin.themebucket.net/adobeair/assets/flot-chart/jquery.flot.growraf.html]
[bucketadmin.themebucket.net/adobeair/js/dashboard.html]
[bucketadmin.themebucket.net/adobeair/js/custom-select/jquery.customSelect.min.html]
[bucketadmin.themebucket.net/adobeair/js/scripts.html]
[bucketadmin.themebucket.net/plugins/images/favicon.html]
[bucketadmin.themebucket.net/plugins/bs3/css/bootstrap.min.html]
[bucketadmin.themebucket.net/plugins/assets/jquery-ui/jquery-ui-1.10.1.custom.min.html]
[bucketadmin.themebucket.net/plugins/css/bootstrap-reset.html]
[bucketadmin.themebucket.net/plugins/assets/font-awesome/css/font-awesome.html]
[bucketadmin.themebucket.net/plugins/assets/jvector-map/jquery-jvectormap-1.2.2.html]
[bucketadmin.themebucket.net/plugins/css/clndr.html]
[bucketadmin.themebucket.net/plugins/assets/css3clock/css/style.html]
[bucketadmin.themebucket.net/plugins/assets/morris-chart/morris.html]
[bucketadmin.themebucket.net/plugins/css/style.html]
[bucketadmin.themebucket.net/plugins/css/style-responsive.html]
[bucketadmin.themebucket.net/plugins/index-2.html]
[bucketadmin.themebucket.net/plugins/images/logo.html]
[bucketadmin.themebucket.net/plugins/images/avatar-mini.html]
[bucketadmin.themebucket.net/plugins/images/avatar-mini-2.html]
[bucketadmin.themebucket.net/plugins/images/avatar-mini-3.html]
[bucketadmin.themebucket.net/plugins/images/avatar1_small.html]
[bucketadmin.themebucket.net/plugins/login.html]
[bucketadmin.themebucket.net/plugins/boxed_page.html]
[bucketadmin.themebucket.net/plugins/horizontal_menu.html]
[bucketadmin.themebucket.net/plugins/language_switch.html]
[bucketadmin.themebucket.net/plugins/general.html]
[bucketadmin.themebucket.net/plugins/buttons.html]
[bucketadmin.themebucket.net/plugins/widget.html]
[bucketadmin.themebucket.net/plugins/slider.html]
[bucketadmin.themebucket.net/plugins/tree_view.html]
[bucketadmin.themebucket.net/plugins/nestable.html]
[bucketadmin.themebucket.net/plugins/grids.html]
[bucketadmin.themebucket.net/plugins/calendar.html]
[bucketadmin.themebucket.net/plugins/draggable_portlet.html]
[bucketadmin.themebucket.net/plugins/fontawesome.html]
[bucketadmin.themebucket.net/plugins/basic_table.html]
[bucketadmin.themebucket.net/plugins/responsive_table.html]
[bucketadmin.themebucket.net/plugins/dynamic_table.html]
[bucketadmin.themebucket.net/plugins/editable_table.html]
[bucketadmin.themebucket.net/plugins/form_component.html]
[bucketadmin.themebucket.net/plugins/advanced_form.html]
[bucketadmin.themebucket.net/plugins/form_wizard.html]
[bucketadmin.themebucket.net/plugins/form_validation.html]
[bucketadmin.themebucket.net/plugins/file_upload.html]
[bucketadmin.themebucket.net/plugins/dropzone.html]
[bucketadmin.themebucket.net/plugins/inline_editor.html]
[bucketadmin.themebucket.net/plugins/mail.html]
[bucketadmin.themebucket.net/plugins/mail_compose.html]
[bucketadmin.themebucket.net/plugins/mail_view.html]
[bucketadmin.themebucket.net/plugins/morris.html]
[bucketadmin.themebucket.net/plugins/chartjs.html]
[bucketadmin.themebucket.net/plugins/flot_chart.html]
[bucketadmin.themebucket.net/plugins/c3_chart.html]
[bucketadmin.themebucket.net/plugins/google_map.html]
[bucketadmin.themebucket.net/plugins/vector_map.html]
[bucketadmin.themebucket.net/plugins/blank.html]
[bucketadmin.themebucket.net/plugins/lock_screen.html]
[bucketadmin.themebucket.net/plugins/profile.html]
[bucketadmin.themebucket.net/plugins/invoice.html]
[bucketadmin.themebucket.net/plugins/pricing_table.html]
[bucketadmin.themebucket.net/plugins/timeline.html]
[bucketadmin.themebucket.net/plugins/gallery.html]
[bucketadmin.themebucket.net/plugins/404.html]
[bucketadmin.themebucket.net/plugins/500.html]
[bucketadmin.themebucket.net/plugins/registration.html]
[bucketadmin.themebucket.net/plugins/images/chat-user-thumb.html]
[bucketadmin.themebucket.net/plugins/images/chat-user-thumb-f.html]
[bucketadmin.themebucket.net/plugins/images/weather_image.html]
[bucketadmin.themebucket.net/plugins/images/avatar1.html]
[bucketadmin.themebucket.net/plugins/images/chat-avatar2.html]
[bucketadmin.themebucket.net/plugins/js/lib/jquery.html]
[bucketadmin.themebucket.net/plugins/assets/jquery-ui/jquery-ui-1.10.1.custom.min-2.html]
[bucketadmin.themebucket.net/plugins/bs3/js/bootstrap.min.html]
[bucketadmin.themebucket.net/plugins/js/accordion-menu/jquery.dcjqaccordion.2.7.html]
[bucketadmin.themebucket.net/plugins/js/scrollTo/jquery.scrollTo.min.html]
[bucketadmin.themebucket.net/plugins/assets/jQuery-slimScroll-1.3.0/jquery.slimscroll.html]
[bucketadmin.themebucket.net/plugins/js/nicescroll/jquery.nicescroll.html]
[bucketadmin.themebucket.net/plugins/assets/skycons/skycons.html]
[bucketadmin.themebucket.net/plugins/assets/jquery.scrollTo/jquery.scrollTo.html]
[bucketadmin.themebucket.net/plugins/assets/calendar/clndr.html]
[bucketadmin.themebucket.net/plugins/assets/calendar/moment-2.2.1.html]
[bucketadmin.themebucket.net/plugins/js/calendar/evnt.calendar.init.html]
[bucketadmin.themebucket.net/plugins/assets/jvector-map/jquery-jvectormap-1.2.2.min.html]
[bucketadmin.themebucket.net/plugins/assets/jvector-map/jquery-jvectormap-us-lcc-en.html]
[bucketadmin.themebucket.net/plugins/assets/gauge/gauge.html]
[bucketadmin.themebucket.net/plugins/assets/css3clock/js/script.html]
[bucketadmin.themebucket.net/plugins/assets/easypiechart/jquery.easypiechart.html]
[bucketadmin.themebucket.net/plugins/assets/sparkline/jquery.sparkline.html]
[bucketadmin.themebucket.net/plugins/assets/morris-chart/morris-2.html]
[bucketadmin.themebucket.net/plugins/assets/morris-chart/raphael-min.html]
[bucketadmin.themebucket.net/plugins/assets/flot-chart/jquery.flot.html]
[bucketadmin.themebucket.net/plugins/assets/flot-chart/jquery.flot.tooltip.min.html]
[bucketadmin.themebucket.net/plugins/assets/flot-chart/jquery.flot.resize.html]
[bucketadmin.themebucket.net/plugins/assets/flot-chart/jquery.flot.pie.resize.html]
[bucketadmin.themebucket.net/plugins/assets/flot-chart/jquery.flot.animator.min.html]
[bucketadmin.themebucket.net/plugins/assets/flot-chart/jquery.flot.growraf.html]
[bucketadmin.themebucket.net/plugins/js/dashboard.html]
[bucketadmin.themebucket.net/plugins/js/custom-select/jquery.customSelect.min.html]
[bucketadmin.themebucket.net/plugins/js/scripts.html]
[bucketadmin.themebucket.net/chrome/images/favicon.html]
[bucketadmin.themebucket.net/chrome/bs3/css/bootstrap.min.html]
[bucketadmin.themebucket.net/chrome/assets/jquery-ui/jquery-ui-1.10.1.custom.min.html]
[bucketadmin.themebucket.net/chrome/css/bootstrap-reset.html]
[bucketadmin.themebucket.net/chrome/assets/font-awesome/css/font-awesome.html]
[bucketadmin.themebucket.net/chrome/assets/jvector-map/jquery-jvectormap-1.2.2.html]
[bucketadmin.themebucket.net/chrome/css/clndr.html]
[bucketadmin.themebucket.net/chrome/assets/css3clock/css/style.html]
[bucketadmin.themebucket.net/chrome/assets/morris-chart/morris.html]
[bucketadmin.themebucket.net/chrome/css/style.html]
[bucketadmin.themebucket.net/chrome/css/style-responsive.html]
[bucketadmin.themebucket.net/chrome/index-3.html]
[bucketadmin.themebucket.net/chrome/images/logo.html]
[bucketadmin.themebucket.net/chrome/images/avatar-mini.html]
[bucketadmin.themebucket.net/chrome/images/avatar-mini-2.html]
[bucketadmin.themebucket.net/chrome/images/avatar-mini-3.html]
[bucketadmin.themebucket.net/chrome/images/avatar1_small.html]
[bucketadmin.themebucket.net/chrome/login.html]
[bucketadmin.themebucket.net/chrome/boxed_page.html]
[bucketadmin.themebucket.net/chrome/horizontal_menu.html]
[bucketadmin.themebucket.net/chrome/language_switch.html]
[bucketadmin.themebucket.net/chrome/general.html]
[bucketadmin.themebucket.net/chrome/buttons.html]
[bucketadmin.themebucket.net/chrome/widget.html]
[bucketadmin.themebucket.net/chrome/slider.html]
[bucketadmin.themebucket.net/chrome/tree_view.html]
[bucketadmin.themebucket.net/chrome/nestable.html]
[bucketadmin.themebucket.net/chrome/grids.html]
[bucketadmin.themebucket.net/chrome/calendar.html]
[bucketadmin.themebucket.net/chrome/draggable_portlet.html]
[bucketadmin.themebucket.net/chrome/fontawesome.html]
[bucketadmin.themebucket.net/chrome/basic_table.html]
[bucketadmin.themebucket.net/chrome/responsive_table.html]
[bucketadmin.themebucket.net/chrome/dynamic_table.html]
[bucketadmin.themebucket.net/chrome/editable_table.html]
[bucketadmin.themebucket.net/chrome/form_component.html]
[bucketadmin.themebucket.net/chrome/advanced_form.html]
[bucketadmin.themebucket.net/chrome/form_wizard.html]
[bucketadmin.themebucket.net/chrome/form_validation.html]
[bucketadmin.themebucket.net/chrome/file_upload.html]
[bucketadmin.themebucket.net/chrome/dropzone.html]
[bucketadmin.themebucket.net/chrome/inline_editor.html]
[bucketadmin.themebucket.net/chrome/mail.html]
[bucketadmin.themebucket.net/chrome/mail_compose.html]
[bucketadmin.themebucket.net/chrome/mail_view.html]
[bucketadmin.themebucket.net/chrome/morris.html]
[bucketadmin.themebucket.net/chrome/chartjs.html]
[bucketadmin.themebucket.net/chrome/flot_chart.html]
[bucketadmin.themebucket.net/chrome/c3_chart.html]
[bucketadmin.themebucket.net/chrome/google_map.html]
[bucketadmin.themebucket.net/chrome/vector_map.html]
[bucketadmin.themebucket.net/chrome/blank.html]
[bucketadmin.themebucket.net/chrome/lock_screen.html]
[bucketadmin.themebucket.net/chrome/profile.html]
[bucketadmin.themebucket.net/chrome/invoice.html]
[bucketadmin.themebucket.net/chrome/pricing_table.html]
[bucketadmin.themebucket.net/chrome/timeline.html]
[bucketadmin.themebucket.net/chrome/gallery.html]
[bucketadmin.themebucket.net/chrome/404.html]
[bucketadmin.themebucket.net/chrome/500.html]
[bucketadmin.themebucket.net/chrome/registration.html]
[bucketadmin.themebucket.net/chrome/images/chat-user-thumb.html]
[bucketadmin.themebucket.net/chrome/images/chat-user-thumb-f.html]
[bucketadmin.themebucket.net/chrome/images/weather_image.html]
[bucketadmin.themebucket.net/chrome/images/avatar1.html]
[bucketadmin.themebucket.net/chrome/images/chat-avatar2.html]
[bucketadmin.themebucket.net/chrome/js/lib/jquery.html]
[bucketadmin.themebucket.net/chrome/assets/jquery-ui/jquery-ui-1.10.1.custom.min-2.html]
[bucketadmin.themebucket.net/chrome/bs3/js/bootstrap.min.html]
[bucketadmin.themebucket.net/chrome/js/accordion-menu/jquery.dcjqaccordion.2.7.html]
[bucketadmin.themebucket.net/chrome/js/scrollTo/jquery.scrollTo.min.html]
[bucketadmin.themebucket.net/chrome/assets/jQuery-slimScroll-1.3.0/jquery.slimscroll.html]
[bucketadmin.themebucket.net/chrome/js/nicescroll/jquery.nicescroll.html]
[bucketadmin.themebucket.net/chrome/assets/skycons/skycons.html]
[bucketadmin.themebucket.net/chrome/assets/jquery.scrollTo/jquery.scrollTo.html]
[bucketadmin.themebucket.net/chrome/assets/calendar/clndr.html]
[bucketadmin.themebucket.net/chrome/assets/calendar/moment-2.2.1.html]
[bucketadmin.themebucket.net/chrome/js/calendar/evnt.calendar.init.html]
[bucketadmin.themebucket.net/chrome/assets/jvector-map/jquery-jvectormap-1.2.2.min.html]
[bucketadmin.themebucket.net/chrome/assets/jvector-map/jquery-jvectormap-us-lcc-en.html]
[bucketadmin.themebucket.net/chrome/assets/gauge/gauge.html]
[bucketadmin.themebucket.net/chrome/assets/css3clock/js/script.html]
[bucketadmin.themebucket.net/chrome/assets/easypiechart/jquery.easypiechart.html]
[bucketadmin.themebucket.net/chrome/assets/sparkline/jquery.sparkline.html]
[bucketadmin.themebucket.net/chrome/assets/morris-chart/morris-2.html]
[bucketadmin.themebucket.net/chrome/assets/morris-chart/raphael-min.html]
[bucketadmin.themebucket.net/chrome/assets/flot-chart/jquery.flot.html]
[bucketadmin.themebucket.net/chrome/assets/flot-chart/jquery.flot.tooltip.min.html]
[bucketadmin.themebucket.net/chrome/assets/flot-chart/jquery.flot.resize.html]
[bucketadmin.themebucket.net/chrome/assets/flot-chart/jquery.flot.pie.resize.html]
[bucketadmin.themebucket.net/chrome/assets/flot-chart/jquery.flot.animator.min.html]
[bucketadmin.themebucket.net/chrome/assets/flot-chart/jquery.flot.growraf.html]
[bucketadmin.themebucket.net/chrome/js/dashboard.html]
[bucketadmin.themebucket.net/chrome/js/custom-select/jquery.customSelect.min.html]
[bucketadmin.themebucket.net/chrome/js/scripts.html]
[bucketadmin.themebucket.net/AppleWebKit/images/favicon-2.html]
[bucketadmin.themebucket.net/AppleWebKit/bs3/css/bootstrap.min-2.html]
[bucketadmin.themebucket.net/AppleWebKit/assets/jquery-ui/jquery-ui-1.10.1.custom.min-3.html]
[bucketadmin.themebucket.net/AppleWebKit/css/bootstrap-reset-2.html]
[bucketadmin.themebucket.net/AppleWebKit/assets/font-awesome/css/font-awesome-2.html]
[bucketadmin.themebucket.net/AppleWebKit/assets/jvector-map/jquery-jvectormap-1.2.2-2.html]
[bucketadmin.themebucket.net/AppleWebKit/css/clndr-2.html]
[bucketadmin.themebucket.net/AppleWebKit/assets/css3clock/css/style-2.html]
[bucketadmin.themebucket.net/AppleWebKit/assets/morris-chart/morris-3.html]
[bucketadmin.themebucket.net/AppleWebKit/css/style-2.html]
[bucketadmin.themebucket.net/AppleWebKit/css/style-responsive-2.html]
[bucketadmin.themebucket.net/AppleWebKit/index-4.html]
[bucketadmin.themebucket.net/AppleWebKit/images/logo-2.html]
[bucketadmin.themebucket.net/AppleWebKit/images/avatar-mini-4.html]
[bucketadmin.themebucket.net/AppleWebKit/images/avatar-mini-5.html]
[bucketadmin.themebucket.net/AppleWebKit/images/avatar-mini-6.html]
[bucketadmin.themebucket.net/AppleWebKit/images/avatar1_small-2.html]
[bucketadmin.themebucket.net/AppleWebKit/login-2.html]
[bucketadmin.themebucket.net/AppleWebKit/boxed_page-2.html]
[bucketadmin.themebucket.net/AppleWebKit/horizontal_menu-2.html]
[bucketadmin.themebucket.net/AppleWebKit/language_switch-2.html]
[bucketadmin.themebucket.net/AppleWebKit/general-2.html]
[bucketadmin.themebucket.net/AppleWebKit/buttons-2.html]
[bucketadmin.themebucket.net/AppleWebKit/widget-2.html]
[bucketadmin.themebucket.net/AppleWebKit/slider-2.html]
[bucketadmin.themebucket.net/AppleWebKit/tree_view-2.html]
[bucketadmin.themebucket.net/AppleWebKit/nestable-2.html]
[bucketadmin.themebucket.net/AppleWebKit/grids-2.html]
[bucketadmin.themebucket.net/AppleWebKit/calendar-2.html]
[bucketadmin.themebucket.net/AppleWebKit/draggable_portlet-2.html]
[bucketadmin.themebucket.net/AppleWebKit/fontawesome-2.html]
[bucketadmin.themebucket.net/AppleWebKit/basic_table-2.html]
[bucketadmin.themebucket.net/AppleWebKit/responsive_table-2.html]
[bucketadmin.themebucket.net/AppleWebKit/dynamic_table-2.html]
[bucketadmin.themebucket.net/AppleWebKit/editable_table-2.html]
[bucketadmin.themebucket.net/AppleWebKit/form_component-2.html]
[bucketadmin.themebucket.net/AppleWebKit/advanced_form-2.html]
[bucketadmin.themebucket.net/AppleWebKit/form_wizard-2.html]
[bucketadmin.themebucket.net/AppleWebKit/form_validation-2.html]
[bucketadmin.themebucket.net/AppleWebKit/file_upload-2.html]
[bucketadmin.themebucket.net/AppleWebKit/dropzone-2.html]
[bucketadmin.themebucket.net/AppleWebKit/inline_editor-2.html]
[bucketadmin.themebucket.net/AppleWebKit/mail-2.html]
[bucketadmin.themebucket.net/AppleWebKit/mail_compose-2.html]
[bucketadmin.themebucket.net/AppleWebKit/mail_view-2.html]
[bucketadmin.themebucket.net/AppleWebKit/morris-2.html]
[bucketadmin.themebucket.net/AppleWebKit/chartjs-2.html]
[bucketadmin.themebucket.net/AppleWebKit/flot_chart-2.html]
[bucketadmin.themebucket.net/AppleWebKit/c3_chart-2.html]
[bucketadmin.themebucket.net/AppleWebKit/google_map-2.html]
[bucketadmin.themebucket.net/AppleWebKit/vector_map-2.html]
[bucketadmin.themebucket.net/AppleWebKit/blank-2.html]
[bucketadmin.themebucket.net/AppleWebKit/lock_screen-2.html]
[bucketadmin.themebucket.net/AppleWebKit/profile-2.html]
[bucketadmin.themebucket.net/AppleWebKit/invoice-2.html]
[bucketadmin.themebucket.net/AppleWebKit/pricing_table-2.html]
[bucketadmin.themebucket.net/AppleWebKit/timeline-2.html]
[bucketadmin.themebucket.net/AppleWebKit/gallery-2.html]
[bucketadmin.themebucket.net/AppleWebKit/404-2.html]
[bucketadmin.themebucket.net/AppleWebKit/500-2.html]
[bucketadmin.themebucket.net/AppleWebKit/registration-2.html]
[bucketadmin.themebucket.net/AppleWebKit/images/chat-user-thumb-2.html]
[bucketadmin.themebucket.net/AppleWebKit/images/chat-user-thumb-f-2.html]
[bucketadmin.themebucket.net/AppleWebKit/images/weather_image-2.html]
[bucketadmin.themebucket.net/AppleWebKit/images/avatar1-2.html]
[bucketadmin.themebucket.net/AppleWebKit/images/chat-avatar2-2.html]
[bucketadmin.themebucket.net/AppleWebKit/js/lib/jquery-2.html]
[bucketadmin.themebucket.net/AppleWebKit/assets/jquery-ui/jquery-ui-1.10.1.custom.min-4.html]
[bucketadmin.themebucket.net/AppleWebKit/bs3/js/bootstrap.min-2.html]
[bucketadmin.themebucket.net/AppleWebKit/js/accordion-menu/jquery.dcjqaccordion.2.7-2.html]
[bucketadmin.themebucket.net/AppleWebKit/js/scrollTo/jquery.scrollTo.min-2.html]
[bucketadmin.themebucket.net/AppleWebKit/assets/jQuery-slimScroll-1.3.0/jquery.slimscroll-2.html]
[bucketadmin.themebucket.net/AppleWebKit/js/nicescroll/jquery.nicescroll-2.html]
[bucketadmin.themebucket.net/AppleWebKit/assets/skycons/skycons-2.html]
[bucketadmin.themebucket.net/AppleWebKit/assets/jquery.scrollTo/jquery.scrollTo-2.html]
[bucketadmin.themebucket.net/AppleWebKit/assets/calendar/clndr-2.html]
[bucketadmin.themebucket.net/AppleWebKit/assets/calendar/moment-2.2.1-2.html]
[bucketadmin.themebucket.net/AppleWebKit/js/calendar/evnt.calendar.init-2.html]
[bucketadmin.themebucket.net/AppleWebKit/assets/jvector-map/jquery-jvectormap-1.2.2.min-2.html]
[bucketadmin.themebucket.net/AppleWebKit/assets/jvector-map/jquery-jvectormap-us-lcc-en-2.html]
[bucketadmin.themebucket.net/AppleWebKit/assets/gauge/gauge-2.html]
[bucketadmin.themebucket.net/AppleWebKit/assets/css3clock/js/script-2.html]
[bucketadmin.themebucket.net/AppleWebKit/assets/easypiechart/jquery.easypiechart-2.html]
[bucketadmin.themebucket.net/AppleWebKit/assets/sparkline/jquery.sparkline-2.html]
[bucketadmin.themebucket.net/AppleWebKit/assets/morris-chart/morris-4.html]
[bucketadmin.themebucket.net/AppleWebKit/assets/morris-chart/raphael-min-2.html]
[bucketadmin.themebucket.net/AppleWebKit/assets/flot-chart/jquery.flot-2.html]
[bucketadmin.themebucket.net/AppleWebKit/assets/flot-chart/jquery.flot.tooltip.min-2.html]
[bucketadmin.themebucket.net/AppleWebKit/assets/flot-chart/jquery.flot.resize-2.html]
[bucketadmin.themebucket.net/AppleWebKit/assets/flot-chart/jquery.flot.pie.resize-2.html]
[bucketadmin.themebucket.net/AppleWebKit/assets/flot-chart/jquery.flot.animator.min-2.html]
[bucketadmin.themebucket.net/AppleWebKit/assets/flot-chart/jquery.flot.growraf-2.html]
[bucketadmin.themebucket.net/AppleWebKit/js/dashboard-2.html]
[bucketadmin.themebucket.net/AppleWebKit/js/custom-select/jquery.customSelect.min-2.html]
[bucketadmin.themebucket.net/AppleWebKit/js/scripts-2.html]
[bucketadmin.themebucket.net/Chrome/images/favicon-2.html]
[bucketadmin.themebucket.net/Chrome/bs3/css/bootstrap.min-2.html]
[bucketadmin.themebucket.net/Chrome/assets/jquery-ui/jquery-ui-1.10.1.custom.min-3.html]
[bucketadmin.themebucket.net/Chrome/css/bootstrap-reset-2.html]
[bucketadmin.themebucket.net/Chrome/assets/font-awesome/css/font-awesome-2.html]
[bucketadmin.themebucket.net/Chrome/assets/jvector-map/jquery-jvectormap-1.2.2-2.html]
[bucketadmin.themebucket.net/Chrome/css/clndr-2.html]
[bucketadmin.themebucket.net/Chrome/assets/css3clock/css/style-2.html]
[bucketadmin.themebucket.net/Chrome/assets/morris-chart/morris-3.html]
[bucketadmin.themebucket.net/Chrome/css/style-2.html]
[bucketadmin.themebucket.net/Chrome/css/style-responsive-2.html]
[bucketadmin.themebucket.net/Chrome/index-4.html]
[bucketadmin.themebucket.net/Chrome/images/logo-2.html]
[bucketadmin.themebucket.net/Chrome/images/avatar-mini-4.html]
[bucketadmin.themebucket.net/Chrome/images/avatar-mini-5.html]
[bucketadmin.themebucket.net/Chrome/images/avatar-mini-6.html]
[bucketadmin.themebucket.net/Chrome/images/avatar1_small-2.html]
[bucketadmin.themebucket.net/Chrome/login-2.html]
[bucketadmin.themebucket.net/Chrome/boxed_page-2.html]
[bucketadmin.themebucket.net/Chrome/horizontal_menu-2.html]
[bucketadmin.themebucket.net/Chrome/language_switch-2.html]
[bucketadmin.themebucket.net/Chrome/general-2.html]
[bucketadmin.themebucket.net/Chrome/buttons-2.html]
[bucketadmin.themebucket.net/Chrome/widget-2.html]
[bucketadmin.themebucket.net/Chrome/slider-2.html]
[bucketadmin.themebucket.net/Chrome/tree_view-2.html]
[bucketadmin.themebucket.net/Chrome/nestable-2.html]
[bucketadmin.themebucket.net/Chrome/grids-2.html]
[bucketadmin.themebucket.net/Chrome/calendar-2.html]
[bucketadmin.themebucket.net/Chrome/draggable_portlet-2.html]
[bucketadmin.themebucket.net/Chrome/fontawesome-2.html]
[bucketadmin.themebucket.net/Chrome/basic_table-2.html]
[bucketadmin.themebucket.net/Chrome/responsive_table-2.html]
[bucketadmin.themebucket.net/Chrome/dynamic_table-2.html]
[bucketadmin.themebucket.net/Chrome/editable_table-2.html]
[bucketadmin.themebucket.net/Chrome/form_component-2.html]
[bucketadmin.themebucket.net/Chrome/advanced_form-2.html]
[bucketadmin.themebucket.net/Chrome/form_wizard-2.html]
[bucketadmin.themebucket.net/Chrome/form_validation-2.html]
[bucketadmin.themebucket.net/Chrome/file_upload-2.html]
[bucketadmin.themebucket.net/Chrome/dropzone-2.html]
[bucketadmin.themebucket.net/Chrome/inline_editor-2.html]
[bucketadmin.themebucket.net/Chrome/mail-2.html]
[bucketadmin.themebucket.net/Chrome/mail_compose-2.html]
[bucketadmin.themebucket.net/Chrome/mail_view-2.html]
[bucketadmin.themebucket.net/Chrome/morris-2.html]
[bucketadmin.themebucket.net/Chrome/chartjs-2.html]
[bucketadmin.themebucket.net/Chrome/flot_chart-2.html]
[bucketadmin.themebucket.net/Chrome/c3_chart-2.html]
[bucketadmin.themebucket.net/Chrome/google_map-2.html]
[bucketadmin.themebucket.net/Chrome/vector_map-2.html]
[bucketadmin.themebucket.net/Chrome/blank-2.html]
[bucketadmin.themebucket.net/Chrome/lock_screen-2.html]
[bucketadmin.themebucket.net/Chrome/profile-2.html]
[bucketadmin.themebucket.net/Chrome/invoice-2.html]
[bucketadmin.themebucket.net/Chrome/pricing_table-2.html]
[bucketadmin.themebucket.net/Chrome/timeline-2.html]
[bucketadmin.themebucket.net/Chrome/gallery-2.html]
[bucketadmin.themebucket.net/Chrome/404-2.html]
[bucketadmin.themebucket.net/Chrome/500-2.html]
[bucketadmin.themebucket.net/Chrome/registration-2.html]
[bucketadmin.themebucket.net/Chrome/images/chat-user-thumb-2.html]
[bucketadmin.themebucket.net/Chrome/images/chat-user-thumb-f-2.html]
[bucketadmin.themebucket.net/Chrome/images/weather_image-2.html]
[bucketadmin.themebucket.net/Chrome/images/avatar1-2.html]
[bucketadmin.themebucket.net/Chrome/images/chat-avatar2-2.html]
[bucketadmin.themebucket.net/Chrome/js/lib/jquery-2.html]
[bucketadmin.themebucket.net/Chrome/assets/jquery-ui/jquery-ui-1.10.1.custom.min-4.html]
[bucketadmin.themebucket.net/Chrome/bs3/js/bootstrap.min-2.html]
[bucketadmin.themebucket.net/Chrome/js/accordion-menu/jquery.dcjqaccordion.2.7-2.html]
[bucketadmin.themebucket.net/Chrome/js/scrollTo/jquery.scrollTo.min-2.html]
[bucketadmin.themebucket.net/Chrome/assets/jQuery-slimScroll-1.3.0/jquery.slimscroll-2.html]
[bucketadmin.themebucket.net/Chrome/js/nicescroll/jquery.nicescroll-2.html]
[bucketadmin.themebucket.net/Chrome/assets/skycons/skycons-2.html]
[bucketadmin.themebucket.net/Chrome/assets/jquery.scrollTo/jquery.scrollTo-2.html]
[bucketadmin.themebucket.net/Chrome/assets/calendar/clndr-2.html]
[bucketadmin.themebucket.net/Chrome/assets/calendar/moment-2.2.1-2.html]
[bucketadmin.themebucket.net/Chrome/js/calendar/evnt.calendar.init-2.html]
[bucketadmin.themebucket.net/Chrome/assets/jvector-map/jquery-jvectormap-1.2.2.min-2.html]
[bucketadmin.themebucket.net/Chrome/assets/jvector-map/jquery-jvectormap-us-lcc-en-2.html]
[bucketadmin.themebucket.net/Chrome/assets/gauge/gauge-2.html]
[bucketadmin.themebucket.net/Chrome/assets/css3clock/js/script-2.html]
[bucketadmin.themebucket.net/Chrome/assets/easypiechart/jquery.easypiechart-2.html]
[bucketadmin.themebucket.net/Chrome/assets/sparkline/jquery.sparkline-2.html]
[bucketadmin.themebucket.net/Chrome/assets/morris-chart/morris-4.html]
[bucketadmin.themebucket.net/Chrome/assets/morris-chart/raphael-min-2.html]
[bucketadmin.themebucket.net/Chrome/assets/flot-chart/jquery.flot-2.html]
[bucketadmin.themebucket.net/Chrome/assets/flot-chart/jquery.flot.tooltip.min-2.html]
[bucketadmin.themebucket.net/Chrome/assets/flot-chart/jquery.flot.resize-2.html]
[bucketadmin.themebucket.net/Chrome/assets/flot-chart/jquery.flot.pie.resize-2.html]
[bucketadmin.themebucket.net/Chrome/assets/flot-chart/jquery.flot.animator.min-2.html]
[bucketadmin.themebucket.net/Chrome/assets/flot-chart/jquery.flot.growraf-2.html]
[bucketadmin.themebucket.net/Chrome/js/dashboard-2.html]
[bucketadmin.themebucket.net/Chrome/js/custom-select/jquery.customSelect.min-2.html]
[bucketadmin.themebucket.net/Chrome/js/scripts-2.html]
[bucketadmin.themebucket.net/Opera/images/favicon.html]
[bucketadmin.themebucket.net/Opera/bs3/css/bootstrap.min.html]
[bucketadmin.themebucket.net/Opera/assets/jquery-ui/jquery-ui-1.10.1.custom.min.html]
[bucketadmin.themebucket.net/Opera/css/bootstrap-reset.html]
[bucketadmin.themebucket.net/Opera/assets/font-awesome/css/font-awesome.html]
[bucketadmin.themebucket.net/Opera/assets/jvector-map/jquery-jvectormap-1.2.2.html]
[bucketadmin.themebucket.net/Opera/css/clndr.html]
[bucketadmin.themebucket.net/Opera/assets/css3clock/css/style.html]
[bucketadmin.themebucket.net/Opera/assets/morris-chart/morris.html]
[bucketadmin.themebucket.net/Opera/css/style.html]
[bucketadmin.themebucket.net/Opera/css/style-responsive.html]
[bucketadmin.themebucket.net/Opera/index-2.html]
[bucketadmin.themebucket.net/Opera/images/logo.html]
[bucketadmin.themebucket.net/Opera/images/avatar-mini.html]
[bucketadmin.themebucket.net/Opera/images/avatar-mini-2.html]
[bucketadmin.themebucket.net/Opera/images/avatar-mini-3.html]
[bucketadmin.themebucket.net/Opera/images/avatar1_small.html]
[bucketadmin.themebucket.net/Opera/login.html]
[bucketadmin.themebucket.net/Opera/boxed_page.html]
[bucketadmin.themebucket.net/Opera/horizontal_menu.html]
[bucketadmin.themebucket.net/Opera/language_switch.html]
[bucketadmin.themebucket.net/Opera/general.html]
[bucketadmin.themebucket.net/Opera/buttons.html]
[bucketadmin.themebucket.net/Opera/widget.html]
[bucketadmin.themebucket.net/Opera/slider.html]
[bucketadmin.themebucket.net/Opera/tree_view.html]
[bucketadmin.themebucket.net/Opera/nestable.html]
[bucketadmin.themebucket.net/Opera/grids.html]
[bucketadmin.themebucket.net/Opera/calendar.html]
[bucketadmin.themebucket.net/Opera/draggable_portlet.html]
[bucketadmin.themebucket.net/Opera/fontawesome.html]
[bucketadmin.themebucket.net/Opera/basic_table.html]
[bucketadmin.themebucket.net/Opera/responsive_table.html]
[bucketadmin.themebucket.net/Opera/dynamic_table.html]
[bucketadmin.themebucket.net/Opera/editable_table.html]
[bucketadmin.themebucket.net/Opera/form_component.html]
[bucketadmin.themebucket.net/Opera/advanced_form.html]
[bucketadmin.themebucket.net/Opera/form_wizard.html]
[bucketadmin.themebucket.net/Opera/form_validation.html]
[bucketadmin.themebucket.net/Opera/file_upload.html]
[bucketadmin.themebucket.net/Opera/dropzone.html]
[bucketadmin.themebucket.net/Opera/inline_editor.html]
[bucketadmin.themebucket.net/Opera/mail.html]
[bucketadmin.themebucket.net/Opera/mail_compose.html]
[bucketadmin.themebucket.net/Opera/mail_view.html]
[bucketadmin.themebucket.net/Opera/morris.html]
[bucketadmin.themebucket.net/Opera/chartjs.html]
[bucketadmin.themebucket.net/Opera/flot_chart.html]
[bucketadmin.themebucket.net/Opera/c3_chart.html]
[bucketadmin.themebucket.net/Opera/google_map.html]
[bucketadmin.themebucket.net/Opera/vector_map.html]
[bucketadmin.themebucket.net/Opera/blank.html]
[bucketadmin.themebucket.net/Opera/lock_screen.html]
[bucketadmin.themebucket.net/Opera/profile.html]
[bucketadmin.themebucket.net/Opera/invoice.html]
[bucketadmin.themebucket.net/Opera/pricing_table.html]
[bucketadmin.themebucket.net/Opera/timeline.html]
[bucketadmin.themebucket.net/Opera/gallery.html]
[bucketadmin.themebucket.net/Opera/404.html]
[bucketadmin.themebucket.net/Opera/500.html]
[bucketadmin.themebucket.net/Opera/registration.html]
[bucketadmin.themebucket.net/Opera/images/chat-user-thumb.html]
[bucketadmin.themebucket.net/Opera/images/chat-user-thumb-f.html]
[bucketadmin.themebucket.net/Opera/images/weather_image.html]
[bucketadmin.themebucket.net/Opera/images/avatar1.html]
[bucketadmin.themebucket.net/Opera/images/chat-avatar2.html]
[bucketadmin.themebucket.net/Opera/js/lib/jquery.html]
[bucketadmin.themebucket.net/Opera/assets/jquery-ui/jquery-ui-1.10.1.custom.min-2.html]
[bucketadmin.themebucket.net/Opera/bs3/js/bootstrap.min.html]
[bucketadmin.themebucket.net/Opera/js/accordion-menu/jquery.dcjqaccordion.2.7.html]
[bucketadmin.themebucket.net/Opera/js/scrollTo/jquery.scrollTo.min.html]
[bucketadmin.themebucket.net/Opera/assets/jQuery-slimScroll-1.3.0/jquery.slimscroll.html]
[bucketadmin.themebucket.net/Opera/js/nicescroll/jquery.nicescroll.html]
[bucketadmin.themebucket.net/Opera/assets/skycons/skycons.html]
[bucketadmin.themebucket.net/Opera/assets/jquery.scrollTo/jquery.scrollTo.html]
[bucketadmin.themebucket.net/Opera/assets/calendar/clndr.html]
[bucketadmin.themebucket.net/Opera/assets/calendar/moment-2.2.1.html]
[bucketadmin.themebucket.net/Opera/js/calendar/evnt.calendar.init.html]
[bucketadmin.themebucket.net/Opera/assets/jvector-map/jquery-jvectormap-1.2.2.min.html]
[bucketadmin.themebucket.net/Opera/assets/jvector-map/jquery-jvectormap-us-lcc-en.html]
[bucketadmin.themebucket.net/Opera/assets/gauge/gauge.html]
[bucketadmin.themebucket.net/Opera/assets/css3clock/js/script.html]
[bucketadmin.themebucket.net/Opera/assets/easypiechart/jquery.easypiechart.html]
[bucketadmin.themebucket.net/Opera/assets/sparkline/jquery.sparkline.html]
[bucketadmin.themebucket.net/Opera/assets/morris-chart/morris-2.html]
[bucketadmin.themebucket.net/Opera/assets/morris-chart/raphael-min.html]
[bucketadmin.themebucket.net/Opera/assets/flot-chart/jquery.flot.html]
[bucketadmin.themebucket.net/Opera/assets/flot-chart/jquery.flot.tooltip.min.html]
[bucketadmin.themebucket.net/Opera/assets/flot-chart/jquery.flot.resize.html]
[bucketadmin.themebucket.net/Opera/assets/flot-chart/jquery.flot.pie.resize.html]
[bucketadmin.themebucket.net/Opera/assets/flot-chart/jquery.flot.animator.min.html]
[bucketadmin.themebucket.net/Opera/assets/flot-chart/jquery.flot.growraf.html]
[bucketadmin.themebucket.net/Opera/js/dashboard.html]
[bucketadmin.themebucket.net/Opera/js/custom-select/jquery.customSelect.min.html]
[bucketadmin.themebucket.net/Opera/js/scripts.html]
[bucketadmin.themebucket.net/hpwos/images/favicon.html]
[bucketadmin.themebucket.net/hpwos/bs3/css/bootstrap.min.html]
[bucketadmin.themebucket.net/hpwos/assets/jquery-ui/jquery-ui-1.10.1.custom.min.html]
[bucketadmin.themebucket.net/hpwos/css/bootstrap-reset.html]
[bucketadmin.themebucket.net/hpwos/assets/font-awesome/css/font-awesome.html]
[bucketadmin.themebucket.net/hpwos/assets/jvector-map/jquery-jvectormap-1.2.2.html]
[bucketadmin.themebucket.net/hpwos/css/clndr.html]
[bucketadmin.themebucket.net/hpwos/assets/css3clock/css/style.html]
[bucketadmin.themebucket.net/hpwos/assets/morris-chart/morris.html]
[bucketadmin.themebucket.net/hpwos/css/style.html]
[bucketadmin.themebucket.net/hpwos/css/style-responsive.html]
[bucketadmin.themebucket.net/hpwos/index-2.html]
[bucketadmin.themebucket.net/hpwos/images/logo.html]
[bucketadmin.themebucket.net/hpwos/images/avatar-mini.html]
[bucketadmin.themebucket.net/hpwos/images/avatar-mini-2.html]
[bucketadmin.themebucket.net/hpwos/images/avatar-mini-3.html]
[bucketadmin.themebucket.net/hpwos/images/avatar1_small.html]
[bucketadmin.themebucket.net/hpwos/login.html]
[bucketadmin.themebucket.net/hpwos/boxed_page.html]
[bucketadmin.themebucket.net/hpwos/horizontal_menu.html]
[bucketadmin.themebucket.net/hpwos/language_switch.html]
[bucketadmin.themebucket.net/hpwos/general.html]
[bucketadmin.themebucket.net/hpwos/buttons.html]
[bucketadmin.themebucket.net/hpwos/widget.html]
[bucketadmin.themebucket.net/hpwos/slider.html]
[bucketadmin.themebucket.net/hpwos/tree_view.html]
[bucketadmin.themebucket.net/hpwos/nestable.html]
[bucketadmin.themebucket.net/hpwos/grids.html]
[bucketadmin.themebucket.net/hpwos/calendar.html]
[bucketadmin.themebucket.net/hpwos/draggable_portlet.html]
[bucketadmin.themebucket.net/hpwos/fontawesome.html]
[bucketadmin.themebucket.net/hpwos/basic_table.html]
[bucketadmin.themebucket.net/hpwos/responsive_table.html]
[bucketadmin.themebucket.net/hpwos/dynamic_table.html]
[bucketadmin.themebucket.net/hpwos/editable_table.html]
[bucketadmin.themebucket.net/hpwos/form_component.html]
[bucketadmin.themebucket.net/hpwos/advanced_form.html]
[bucketadmin.themebucket.net/hpwos/form_wizard.html]
[bucketadmin.themebucket.net/hpwos/form_validation.html]
[bucketadmin.themebucket.net/hpwos/file_upload.html]
[bucketadmin.themebucket.net/hpwos/dropzone.html]
[bucketadmin.themebucket.net/hpwos/inline_editor.html]
[bucketadmin.themebucket.net/hpwos/mail.html]
[bucketadmin.themebucket.net/hpwos/mail_compose.html]
[bucketadmin.themebucket.net/hpwos/mail_view.html]
[bucketadmin.themebucket.net/hpwos/morris.html]
[bucketadmin.themebucket.net/hpwos/chartjs.html]
[bucketadmin.themebucket.net/hpwos/flot_chart.html]
[bucketadmin.themebucket.net/hpwos/c3_chart.html]
[bucketadmin.themebucket.net/hpwos/google_map.html]
[bucketadmin.themebucket.net/hpwos/vector_map.html]
[bucketadmin.themebucket.net/hpwos/blank.html]
[bucketadmin.themebucket.net/hpwos/lock_screen.html]
[bucketadmin.themebucket.net/hpwos/profile.html]
[bucketadmin.themebucket.net/hpwos/invoice.html]
[bucketadmin.themebucket.net/hpwos/pricing_table.html]
[bucketadmin.themebucket.net/hpwos/timeline.html]
[bucketadmin.themebucket.net/hpwos/gallery.html]
[bucketadmin.themebucket.net/hpwos/404.html]
[bucketadmin.themebucket.net/hpwos/500.html]
[bucketadmin.themebucket.net/hpwos/registration.html]
[bucketadmin.themebucket.net/hpwos/images/chat-user-thumb.html]
[bucketadmin.themebucket.net/hpwos/images/chat-user-thumb-f.html]
[bucketadmin.themebucket.net/hpwos/images/weather_image.html]
[bucketadmin.themebucket.net/hpwos/images/avatar1.html]
[bucketadmin.themebucket.net/hpwos/images/chat-avatar2.html]
[bucketadmin.themebucket.net/hpwos/js/lib/jquery.html]
[bucketadmin.themebucket.net/hpwos/assets/jquery-ui/jquery-ui-1.10.1.custom.min-2.html]
[bucketadmin.themebucket.net/hpwos/bs3/js/bootstrap.min.html]
[bucketadmin.themebucket.net/hpwos/js/accordion-menu/jquery.dcjqaccordion.2.7.html]
[bucketadmin.themebucket.net/hpwos/js/scrollTo/jquery.scrollTo.min.html]
[bucketadmin.themebucket.net/hpwos/assets/jQuery-slimScroll-1.3.0/jquery.slimscroll.html]
[bucketadmin.themebucket.net/hpwos/js/nicescroll/jquery.nicescroll.html]
[bucketadmin.themebucket.net/hpwos/assets/skycons/skycons.html]
[bucketadmin.themebucket.net/hpwos/assets/jquery.scrollTo/jquery.scrollTo.html]
[bucketadmin.themebucket.net/hpwos/assets/calendar/clndr.html]
[bucketadmin.themebucket.net/hpwos/assets/calendar/moment-2.2.1.html]
[bucketadmin.themebucket.net/hpwos/js/calendar/evnt.calendar.init.html]
[bucketadmin.themebucket.net/hpwos/assets/jvector-map/jquery-jvectormap-1.2.2.min.html]
[bucketadmin.themebucket.net/hpwos/assets/jvector-map/jquery-jvectormap-us-lcc-en.html]
[bucketadmin.themebucket.net/hpwos/assets/gauge/gauge.html]
[bucketadmin.themebucket.net/hpwos/assets/css3clock/js/script.html]
[bucketadmin.themebucket.net/hpwos/assets/easypiechart/jquery.easypiechart.html]
[bucketadmin.themebucket.net/hpwos/assets/sparkline/jquery.sparkline.html]
[bucketadmin.themebucket.net/hpwos/assets/morris-chart/morris-2.html]
[bucketadmin.themebucket.net/hpwos/assets/morris-chart/raphael-min.html]
[bucketadmin.themebucket.net/hpwos/assets/flot-chart/jquery.flot.html]
[bucketadmin.themebucket.net/hpwos/assets/flot-chart/jquery.flot.tooltip.min.html]
[bucketadmin.themebucket.net/hpwos/assets/flot-chart/jquery.flot.resize.html]
[bucketadmin.themebucket.net/hpwos/assets/flot-chart/jquery.flot.pie.resize.html]
[bucketadmin.themebucket.net/hpwos/assets/flot-chart/jquery.flot.animator.min.html]
[bucketadmin.themebucket.net/hpwos/assets/flot-chart/jquery.flot.growraf.html]
[bucketadmin.themebucket.net/hpwos/js/dashboard.html]
[bucketadmin.themebucket.net/hpwos/js/custom-select/jquery.customSelect.min.html]
[bucketadmin.themebucket.net/hpwos/js/scripts.html]
