[backblue.gif]
[fade.gif]
[index.html]
[html.crunchpress.net/kc/kc_fullview/js/html5.js]
[html.crunchpress.net/kc/kc_fullview/images/logo-img.png]
[html.crunchpress.net/kc/kc_fullview/images/chef-img.png]
[html.crunchpress.net/kc/kc_fullview/images/home-banner-1.jpg]
[html.crunchpress.net/kc/kc_fullview/images/banner-img-2.jpg]
[html.crunchpress.net/kc/kc_fullview/images/banner-img-3.jpg]
[html.crunchpress.net/kc/kc_fullview/images/banner-img-4.jpg]
[html.crunchpress.net/kc/kc_fullview/images/banner-img-5.jpg]
[html.crunchpress.net/kc/kc_fullview/images/banner-img-6.jpg]
[html.crunchpress.net/kc/kc_fullview/images/breakfast-img-1.jpg]
[html.crunchpress.net/kc/kc_fullview/images/breakfast-img-2.jpg]
[html.crunchpress.net/kc/kc_fullview/images/featured-dishes-img1.jpg]
[html.crunchpress.net/kc/kc_fullview/images/featured-dishes-img2.jpg]
[html.crunchpress.net/kc/kc_fullview/images/featured-dishes-img3.jpg]
[html.crunchpress.net/kc/kc_fullview/images/post-img.jpg]
[html.crunchpress.net/kc/kc_fullview/images/food-img-1.jpg]
[html.crunchpress.net/kc/kc_fullview/images/food-img-2.jpg]
[html.crunchpress.net/kc/kc_fullview/images/food-img-3.jpg]
[html.crunchpress.net/kc/kc_fullview/images/client-review-img1.png]
[html.crunchpress.net/kc/kc_fullview/images/happy-hour-banner.png]
[html.crunchpress.net/kc/kc_fullview/images/events-img.jpg]
[html.crunchpress.net/kc/kc_fullview/images/events-img2.jpg]
[html.crunchpress.net/kc/kc_fullview/images/chef-img-1.jpg]
[html.crunchpress.net/kc/kc_fullview/images/full-video-img.jpg]
[html.crunchpress.net/kc/kc_fullview/images/featured-footer-img-1.jpg]
[html.crunchpress.net/kc/kc_fullview/images/featured-footer-img-2.jpg]
[html.crunchpress.net/kc/kc_fullview/images/featured-footer-img-3.jpg]
[html.crunchpress.net/kc/kc_fullview/images/recent-post-img-1.jpg]
[html.crunchpress.net/kc/kc_fullview/images/recent-post-img-2.jpg]
[html.crunchpress.net/kc/kc_fullview/images/recent-post-img-3.jpg]
[html.crunchpress.net/kc/kc_fullview/images/watch-img.png]
[html.crunchpress.net/kc/kc_fullview/images/chef-collection-img-1.jpg]
[html.crunchpress.net/kc/kc_fullview/images/chef-collection-img-2.jpg]
[html.crunchpress.net/kc/kc_fullview/images/chef-collection-img-3.jpg]
[html.crunchpress.net/kc/kc_fullview/js/jquery.js]
[html.crunchpress.net/kc/kc_fullview/js/bootstrap.min.js]
[html.crunchpress.net/kc/kc_fullview/js/jquery.flexslider.js]
[html.crunchpress.net/kc/kc_fullview/js/fullcalendar.js]
[html.crunchpress.net/kc/kc_fullview/js/jquery.mCustomScrollbar.concat.min.js]
[html.crunchpress.net/kc/kc_fullview/js/excanvas.js]
[html.crunchpress.net/kc/kc_fullview/js/jquery.easy-pie-chart.js]
[html.crunchpress.net/kc/kc_fullview/js/jquery.bxslider.js]
[html.crunchpress.net/kc/kc_fullview/js/jquery.fitvids.js]
[html.crunchpress.net/kc/kc_fullview/js/custom.js]
[html.crunchpress.net/kc/kc_fullview/js/jquery.jcarousel.min.js]
[html.crunchpress.net/kc/kc_fullview/index.html]
[html.crunchpress.net/kc/kc_fullview/fonts/museo300-regular-webfont.eot]
[html.crunchpress.net/kc/kc_fullview/fonts/museo300-regular-webfont.woff]
[html.crunchpress.net/kc/kc_fullview/fonts/museo300-regular-webfont.ttf]
[html.crunchpress.net/kc/kc_fullview/fonts/museo300-regular-webfontd41d.eot]
[html.crunchpress.net/kc/kc_fullview/fonts/museo500-regular-webfont.eot]
[html.crunchpress.net/kc/kc_fullview/fonts/museo500-regular-webfont.woff]
[html.crunchpress.net/kc/kc_fullview/fonts/museo500-regular-webfontd41d.eot]
[html.crunchpress.net/kc/kc_fullview/fonts/museo500-regular-webfont.ttf]
[html.crunchpress.net/kc/kc_fullview/images/body-parrten-1.gif]
[html.crunchpress.net/kc/kc_fullview/images/header-pattren.png]
[html.crunchpress.net/kc/kc_fullview/images/review-head-icon.gif]
[html.crunchpress.net/kc/kc_fullview/images/head-review-star.gif]
[html.crunchpress.net/kc/kc_fullview/images/meal-icon.jpg]
[html.crunchpress.net/kc/kc_fullview/images/watch-icon.jpg]
[html.crunchpress.net/kc/kc_fullview/images/head-plate-icon.jpg]
[html.crunchpress.net/kc/kc_fullview/images/download-menu-icon.png]
[html.crunchpress.net/kc/kc_fullview/images/pagination-arrow.png]
[html.crunchpress.net/kc/kc_fullview/images/pagination-arrow-hover.png]
[html.crunchpress.net/kc/kc_fullview/images/fetured-arrow-right.png]
[html.crunchpress.net/kc/kc_fullview/images/fetured-arrow-left.png]
[html.crunchpress.net/kc/kc_fullview/images/plus-icon-hover.png]
[html.crunchpress.net/kc/kc_fullview/images/les-icon.png]
[html.crunchpress.net/kc/kc_fullview/images/flag-icon.png]
[html.crunchpress.net/kc/kc_fullview/images/blog-line.png]
[html.crunchpress.net/kc/kc_fullview/images/chat-icon.png]
[html.crunchpress.net/kc/kc_fullview/images/start-icon.png]
[html.crunchpress.net/kc/kc_fullview/images/star-icon-hover.png]
[html.crunchpress.net/kc/kc_fullview/images/quote-img.gif]
[html.crunchpress.net/kc/kc_fullview/images/mark-icon.png]
[html.crunchpress.net/kc/kc_fullview/images/location-icon.png]
[html.crunchpress.net/kc/kc_fullview/images/social-icon.png]
[html.crunchpress.net/kc/kc_fullview/images/full-screen-icon.png]
[html.crunchpress.net/kc/kc_fullview/images/calender-icon.png]
[html.crunchpress.net/kc/kc_fullview/images/page-icon.png]
[html.crunchpress.net/kc/kc_fullview/images/watch-icon.png]
[html.crunchpress.net/kc/kc_fullview/images/social-icon-sprite.png]
[html.crunchpress.net/kc/kc_fullview/images/social-icon-sprite-hover.png]
[html.crunchpress.net/kc/kc_fullview/images/happy-hour-clock.png]
[html.crunchpress.net/kc/kc_fullview/images/email-icon.png]
[html.crunchpress.net/kc/kc_fullview/images/address-location-icon.png]
[html.crunchpress.net/kc/kc_fullview/images/address-sprite.png]
[html.crunchpress.net/kc/kc_fullview/images/post-border.png]
[html.crunchpress.net/kc/kc_fullview/images/camera-icon.png]
[html.crunchpress.net/kc/kc_fullview/images/post-detail-sprite.png]
[html.crunchpress.net/kc/kc_fullview/images/search-icon.png]
[html.crunchpress.net/kc/kc_fullview/images/widget-section-icon-1.png]
[html.crunchpress.net/kc/kc_fullview/images/widget-section-icon-2.png]
[html.crunchpress.net/kc/kc_fullview/images/widget-section-icon-3.png]
[html.crunchpress.net/kc/kc_fullview/images/widget-section-icon-4.png]
[html.crunchpress.net/kc/kc_fullview/images/widget-section-icon-5.png]
[html.crunchpress.net/kc/kc_fullview/images/widget-section-icon-6.png]
[html.crunchpress.net/kc/kc_fullview/images/latest-twite-icon.png]
[html.crunchpress.net/kc/kc_fullview/images/calendar-left-arrow.png]
[html.crunchpress.net/kc/kc_fullview/images/calendar-right-arrow.png]
[html.crunchpress.net/kc/kc_fullview/images/qurte-icon.png]
[html.crunchpress.net/kc/kc_fullview/images/twitter-feed-icon.png]
[html.crunchpress.net/kc/kc_fullview/images/back-top-arrow.png]
[html.crunchpress.net/kc/kc_fullview/images/about-social-icon.png]
[html.crunchpress.net/kc/kc_fullview/images/testo-patrean.jpg]
[html.crunchpress.net/kc/kc_fullview/images/testo-start.png]
[html.crunchpress.net/kc/kc_fullview/images/testo-start-hover.png]
[html.crunchpress.net/kc/kc_fullview/images/testo-quot-icon.png]
[html.crunchpress.net/kc/kc_fullview/images/comments-icon.png]
[html.crunchpress.net/kc/kc_fullview/images/menu-icon-1.png]
[html.crunchpress.net/kc/kc_fullview/images/menu-icon-2.png]
[html.crunchpress.net/kc/kc_fullview/images/menu-icon-3.png]
[html.crunchpress.net/kc/kc_fullview/images/menu-icon-4.png]
[html.crunchpress.net/kc/kc_fullview/images/review-face-icon.jpg]
[html.crunchpress.net/kc/kc_fullview/images/review-face-icon-hover.jpg]
[html.crunchpress.net/kc/kc_fullview/images/gallery-caption.png]
[html.crunchpress.net/kc/kc_fullview/images/gallery-left-arrow.png]
[html.crunchpress.net/kc/kc_fullview/images/gallery-right-arrow.png]
[html.crunchpress.net/kc/kc_fullview/images/gallery-right-arrow-hover.png]
[html.crunchpress.net/kc/kc_fullview/images/gallery-left-arrow-hover.png]
[html.crunchpress.net/kc/kc_fullview/images/price-border.gif]
[html.crunchpress.net/kc/kc_fullview/images/like-icon.png]
[html.crunchpress.net/kc/kc_fullview/images/dislike-icon.png]
[html.crunchpress.net/kc/kc_fullview/images/faq-social-icon.png]
[html.crunchpress.net/kc/kc_fullview/images/question-icon.png]
[html.crunchpress.net/kc/kc_fullview/images/search-icon-2.png]
[html.crunchpress.net/kc/kc_fullview/images/cart-heading-bg.gif]
[html.crunchpress.net/kc/kc_fullview/images/testo-chat-icon.png]
[html.crunchpress.net/kc/kc_fullview/images/recepie-info-box-bg.jpg]
[html.crunchpress.net/kc/kc_fullview/images/recepie-info-heading-bg.png]
[html.crunchpress.net/kc/kc_fullview/images/recepie-line.png]
[html.crunchpress.net/kc/kc_fullview/images/recepie-bullets.png]
[html.crunchpress.net/kc/kc_fullview/images/event-detail-sprite.png]
[html.crunchpress.net/kc/kc_fullview/images/event-social-sprite.png]
[html.crunchpress.net/kc/kc_fullview/images/zoom-icon.png]
[html.crunchpress.net/kc/kc_fullview/images/product-detail-pattren.png]
[html.crunchpress.net/kc/kc_fullview/images/plus-icon-active.png]
[html.crunchpress.net/kc/kc_fullview/css/custom.css]
[html.crunchpress.net/kc/kc_fullview/css/colors.css]
[html.crunchpress.net/kc/kc_fullview/images/plus-icon.png]
[html.crunchpress.net/kc/kc_fullview/css/bootstrap.css]
[html.crunchpress.net/kc/kc_fullview/css/bootstrap-responsive.css]
[html.crunchpress.net/kc/kc_fullview/css/fullcalendar.css]
[html.crunchpress.net/kc/kc_fullview/font/fontawesome-webfontf77b.eot]
[html.crunchpress.net/kc/kc_fullview/font/fontawesome-webfontd41d.eot]
[html.crunchpress.net/kc/kc_fullview/font/fontawesome-webfontf77b.woff]
[html.crunchpress.net/kc/kc_fullview/font/fontawesome-webfontf77b.ttf]
[html.crunchpress.net/kc/kc_fullview/css/font-awesome.css]
[html.crunchpress.net/kc/kc_fullview/css/flexslider.css]
[html.crunchpress.net/kc/kc_fullview/css/jquery.mCustomScrollbar.css]
[html.crunchpress.net/kc/kc_fullview/css/style.css]
[html.crunchpress.net/kc/kc_fullview/skins/tango/prev-horizontal.png]
[html.crunchpress.net/kc/kc_fullview/skins/tango/next-horizontal.png]
[html.crunchpress.net/kc/kc_fullview/skins/tango/next-vertical.png]
[html.crunchpress.net/kc/kc_fullview/skins/tango/prev-vertical.png]
[html.crunchpress.net/kc/kc_fullview/skins/tango/skin.css]
[html.crunchpress.net/kc/kc_fullview/index-2.html]
[html.crunchpress.net/kc/kc_fullview/index-color-1.html]
[html.crunchpress.net/kc/kc_fullview/index-color-2.html]
[html.crunchpress.net/kc/kc_fullview/index-color-3.html]
[html.crunchpress.net/kc/kc_fullview/js/jquery-ui-1.8.23.custom.min.js]
[html.crunchpress.net/kc/kc_fullview/index-boxed.html]
[html.crunchpress.net/kc/kc_fullview/js/google.map.js]
[html.crunchpress.net/kc/kc_fullview/index-dark.html]
[html.crunchpress.net/kc/kc_fullview/images/inner-banner-5.jpg]
[html.crunchpress.net/kc/kc_fullview/images/menu-img-1.jpg]
[html.crunchpress.net/kc/kc_fullview/images/menu-img-2.jpg]
[html.crunchpress.net/kc/kc_fullview/images/menu-img-3.jpg]
[html.crunchpress.net/kc/kc_fullview/images/recepie-img1.jpg]
[html.crunchpress.net/kc/kc_fullview/images/recepie-img2.jpg]
[html.crunchpress.net/kc/kc_fullview/images/featured-dish-thumbnils-img1.jpg]
[html.crunchpress.net/kc/kc_fullview/images/featured-dish-thumbnils-img2.jpg]
[html.crunchpress.net/kc/kc_fullview/images/featured-dish-thumbnils-img3.jpg]
[html.crunchpress.net/kc/kc_fullview/images/featured-dish-thumbnils-img4.jpg]
[html.crunchpress.net/kc/kc_fullview/images/chef-img.jpg]
[html.crunchpress.net/kc/kc_fullview/images/chef-team-img1.jpg]
[html.crunchpress.net/kc/kc_fullview/images/chef-team-img2.jpg]
[html.crunchpress.net/kc/kc_fullview/images/chef-team-img3.jpg]
[html.crunchpress.net/kc/kc_fullview/images/chef-team-img4.jpg]
[html.crunchpress.net/kc/kc_fullview/js/bootstrap-datepicker.js]
[html.crunchpress.net/kc/kc_fullview/menu.html]
[html.crunchpress.net/kc/kc_fullview/images/inner-banner-4.jpg]
[html.crunchpress.net/kc/kc_fullview/images/menu-img-4.jpg]
[html.crunchpress.net/kc/kc_fullview/images/menu-img-5.jpg]
[html.crunchpress.net/kc/kc_fullview/images/menu-img-6.jpg]
[html.crunchpress.net/kc/kc_fullview/images/menu-img-7.jpg]
[html.crunchpress.net/kc/kc_fullview/images/menu-img-8.jpg]
[html.crunchpress.net/kc/kc_fullview/menu-full.html]
[html.crunchpress.net/kc/kc_fullview/images/inner-banner-1.jpg]
[html.crunchpress.net/kc/kc_fullview/images/menu-list-img.jpg]
[html.crunchpress.net/kc/kc_fullview/images/start-img.png]
[html.crunchpress.net/kc/kc_fullview/images/menu-list-img2.jpg]
[html.crunchpress.net/kc/kc_fullview/images/menu-list-img3.jpg]
[html.crunchpress.net/kc/kc_fullview/menu-list.html]
[html.crunchpress.net/kc/kc_fullview/images/inner-banner-3.jpg]
[html.crunchpress.net/kc/kc_fullview/images/menu-full-list-img1.jpg]
[html.crunchpress.net/kc/kc_fullview/images/menu-full-list-img2.jpg]
[html.crunchpress.net/kc/kc_fullview/images/menu-full-list-img3.jpg]
[html.crunchpress.net/kc/kc_fullview/menu-full-list.html]
[html.crunchpress.net/kc/kc_fullview/images/recepie-img.jpg]
[html.crunchpress.net/kc/kc_fullview/images/empty-img.gif]
[html.crunchpress.net/kc/kc_fullview/recepie.html]
[html.crunchpress.net/kc/kc_fullview/images/reserve-table-img1.jpg]
[html.crunchpress.net/kc/kc_fullview/images/menu-img1.jpg]
[html.crunchpress.net/kc/kc_fullview/images/menu-img2.jpg]
[html.crunchpress.net/kc/kc_fullview/images/menu-img3.jpg]
[html.crunchpress.net/kc/kc_fullview/images/menu-img4.jpg]
[html.crunchpress.net/kc/kc_fullview/js/bootstrap-timepicker.js]
[html.crunchpress.net/kc/kc_fullview/reserve-table.html]
[html.crunchpress.net/kc/kc_fullview/images/inner-banner-2.jpg]
[html.crunchpress.net/kc/kc_fullview/images/post-img1.jpg]
[html.crunchpress.net/kc/kc_fullview/images/post-img2.jpg]
[html.crunchpress.net/kc/kc_fullview/images/post-img3.jpg]
[html.crunchpress.net/kc/kc_fullview/images/post-img4.jpg]
[html.crunchpress.net/kc/kc_fullview/blog.html]
[html.crunchpress.net/kc/kc_fullview/blog-detail.html]
[html.crunchpress.net/kc/kc_fullview/event.html]
[html.crunchpress.net/kc/kc_fullview/images/event-detai-img-1.jpg]
[html.crunchpress.net/kc/kc_fullview/event-deatail.html]
[html.crunchpress.net/kc/kc_fullview/images/cart-one.gif]
[html.crunchpress.net/kc/kc_fullview/cart.html]
[html.crunchpress.net/kc/kc_fullview/checkout.html]
[html.crunchpress.net/kc/kc_fullview/grid-view.html]
[html.crunchpress.net/kc/kc_fullview/list.html]
[html.crunchpress.net/kc/kc_fullview/images/product-detail-img-1.jpg]
[s7.addthis.com/js/300/addthis_widget.js]
[html.crunchpress.net/kc/kc_fullview/product-detail.html]
[html.crunchpress.net/kc/kc_fullview/images/gallery-img-1.jpg]
[html.crunchpress.net/kc/kc_fullview/images/gallery-img-2.jpg]
[html.crunchpress.net/kc/kc_fullview/images/gallery-img-3.jpg]
[html.crunchpress.net/kc/kc_fullview/images/gallery-img-4.jpg]
[html.crunchpress.net/kc/kc_fullview/images/gallery-img-5.jpg]
[html.crunchpress.net/kc/kc_fullview/images/gallery-thumbnil-img-1.jpg]
[html.crunchpress.net/kc/kc_fullview/images/gallery-thumbnil-img-2.jpg]
[html.crunchpress.net/kc/kc_fullview/images/gallery-thumbnil-img-3.jpg]
[html.crunchpress.net/kc/kc_fullview/images/gallery-thumbnil-img-4.jpg]
[html.crunchpress.net/kc/kc_fullview/images/gallery-thumbnil-img-5.jpg]
[html.crunchpress.net/kc/kc_fullview/gallery.html]
[html.crunchpress.net/kc/kc_fullview/images/col-2-img-1.jpg]
[html.crunchpress.net/kc/kc_fullview/images/col-2-img-2.jpg]
[html.crunchpress.net/kc/kc_fullview/images/col-2-img-3.jpg]
[html.crunchpress.net/kc/kc_fullview/images/col-2-img-4.jpg]
[html.crunchpress.net/kc/kc_fullview/images/col-2-img-5.jpg]
[html.crunchpress.net/kc/kc_fullview/images/col-2-img-6.jpg]
[html.crunchpress.net/kc/kc_fullview/js/prettyph.js]
[html.crunchpress.net/kc/kc_fullview/tow-col.html]
[html.crunchpress.net/kc/kc_fullview/images/col-3-img-1.jpg]
[html.crunchpress.net/kc/kc_fullview/images/col-3-img-2.jpg]
[html.crunchpress.net/kc/kc_fullview/images/col-3-img-3.jpg]
[html.crunchpress.net/kc/kc_fullview/images/col-3-img-4.jpg]
[html.crunchpress.net/kc/kc_fullview/images/col-3-img-5.jpg]
[html.crunchpress.net/kc/kc_fullview/images/col-3-img-6.jpg]
[html.crunchpress.net/kc/kc_fullview/images/col-3-img-7.jpg]
[html.crunchpress.net/kc/kc_fullview/images/col-3-img-8.jpg]
[html.crunchpress.net/kc/kc_fullview/images/col-3-img-9.jpg]
[html.crunchpress.net/kc/kc_fullview/three-col.html]
[html.crunchpress.net/kc/kc_fullview/images/col-4-img-1.jpg]
[html.crunchpress.net/kc/kc_fullview/images/col-4-img-2.jpg]
[html.crunchpress.net/kc/kc_fullview/images/col-4-img-3.jpg]
[html.crunchpress.net/kc/kc_fullview/images/col-4-img-4.jpg]
[html.crunchpress.net/kc/kc_fullview/images/col-4-img-5.jpg]
[html.crunchpress.net/kc/kc_fullview/images/col-4-img-6.jpg]
[html.crunchpress.net/kc/kc_fullview/images/col-4-img-7.jpg]
[html.crunchpress.net/kc/kc_fullview/images/col-4-img-8.jpg]
[html.crunchpress.net/kc/kc_fullview/images/col-4-img-9.jpg]
[html.crunchpress.net/kc/kc_fullview/images/col-4-img-10.jpg]
[html.crunchpress.net/kc/kc_fullview/images/col-4-img-11.jpg]
[html.crunchpress.net/kc/kc_fullview/images/col-4-img-12.jpg]
[html.crunchpress.net/kc/kc_fullview/images/col-4-img-13.jpg]
[html.crunchpress.net/kc/kc_fullview/images/col-4-img-14.jpg]
[html.crunchpress.net/kc/kc_fullview/images/col-4-img-15.jpg]
[html.crunchpress.net/kc/kc_fullview/images/col-4-img-16.jpg]
[html.crunchpress.net/kc/kc_fullview/four-col.html]
[html.crunchpress.net/kc/kc_fullview/images/about-img.jpg]
[html.crunchpress.net/kc/kc_fullview/images/about-detail-img-1.png]
[html.crunchpress.net/kc/kc_fullview/images/about-detail-img-2.png]
[html.crunchpress.net/kc/kc_fullview/images/about-detail-img-3.png]
[html.crunchpress.net/kc/kc_fullview/images/about-detail-img-4.png]
[html.crunchpress.net/kc/kc_fullview/images/testimonial-img-1.jpg]
[html.crunchpress.net/kc/kc_fullview/images/testimonial-img-2.jpg]
[html.crunchpress.net/kc/kc_fullview/images/testimonial-img-3.jpg]
[html.crunchpress.net/kc/kc_fullview/images/testimonial-img-4.jpg]
[html.crunchpress.net/kc/kc_fullview/images/team-img-1.jpg]
[html.crunchpress.net/kc/kc_fullview/images/team-img-2.jpg]
[html.crunchpress.net/kc/kc_fullview/images/team-img-3.jpg]
[html.crunchpress.net/kc/kc_fullview/images/team-img-4.jpg]
[html.crunchpress.net/kc/kc_fullview/about.html]
[html.crunchpress.net/kc/kc_fullview/images/errore-banner.jpg]
[html.crunchpress.net/kc/kc_fullview/images/error-page-img.png]
[html.crunchpress.net/kc/kc_fullview/404.html]
[html.crunchpress.net/kc/kc_fullview/images/faq-chef.jpg]
[html.crunchpress.net/kc/kc_fullview/images/rate-star.jpg]
[html.crunchpress.net/kc/kc_fullview/faq.html]
[html.crunchpress.net/kc/kc_fullview/search-result.html]
[html.crunchpress.net/kc/kc_fullview/images/testimonial-page-img1.jpg]
[html.crunchpress.net/kc/kc_fullview/images/testimonial-page-img5.jpg]
[html.crunchpress.net/kc/kc_fullview/images/testimonial-page-img2.jpg]
[html.crunchpress.net/kc/kc_fullview/images/testimonial-page-img3.jpg]
[html.crunchpress.net/kc/kc_fullview/images/testimonial-page-img4.jpg]
[html.crunchpress.net/kc/kc_fullview/testimonial.html]
[html.crunchpress.net/kc/kc_fullview/contact.html]
[html.crunchpress.net/kc/kc_fullview/css/images/bx_loader.gif]
[html.crunchpress.net/kc/kc_fullview/css/jquery.bxslider.css]
[html.crunchpress.net/kc/kc_fullview/fonts/museo300-regular-webfont.svg]
[html.crunchpress.net/kc/kc_fullview/fonts/museo500-regular-webfont.svg]
[html.crunchpress.net/kc/kc_fullview/font/fontawesome-webfont.svg]
[html.crunchpress.net/kc/kc_fullview/css/colors_1.css]
[html.crunchpress.net/kc/kc_fullview/css/colors_2.css]
[html.crunchpress.net/kc/kc_fullview/css/colors_3.css]
[html.crunchpress.net/kc/kc_fullview/images/boxed-body-bg.gif]
[html.crunchpress.net/kc/kc_fullview/css/boxed.css]
[html.crunchpress.net/kc/kc_fullview/images/dark-body-bg.jpg]
[html.crunchpress.net/kc/kc_fullview/images/banner-cap-bg.gif]
[html.crunchpress.net/kc/kc_fullview/images/accordion-bg.gif]
[html.crunchpress.net/kc/kc_fullview/images/dark-quote-icon.png]
[html.crunchpress.net/kc/kc_fullview/images/reviw-bg.gif]
[html.crunchpress.net/kc/kc_fullview/images/blog-line2.png]
[html.crunchpress.net/kc/kc_fullview/images/dark-plus-icon.png]
[html.crunchpress.net/kc/kc_fullview/css/dark-theme.css]
[html.crunchpress.net/kc/kc_fullview/css/datepicker.css]
[html.crunchpress.net/kc/kc_fullview/css/bootstrap-timepicker.min.css]
[s7.addthis.com/js/300/addthis_widget.js]
[html.crunchpress.net/kc/kc_fullview/images/prettyPhoto/default/sprite.png]
[html.crunchpress.net/kc/kc_fullview/images/prettyPhoto/default/sprite_x.png]
[html.crunchpress.net/kc/kc_fullview/images/prettyPhoto/default/sprite_y.png]
[html.crunchpress.net/kc/kc_fullview/images/prettyPhoto/default/sprite_next.png]
[html.crunchpress.net/kc/kc_fullview/images/prettyPhoto/default/sprite_prev.png]
[html.crunchpress.net/kc/kc_fullview/images/prettyPhoto/default/default_thumb.png]
[html.crunchpress.net/kc/kc_fullview/images/prettyPhoto/default/loader.gif]
[html.crunchpress.net/kc/kc_fullview/images/prettyPhoto/light_rounded/sprite.png]
[html.crunchpress.net/kc/kc_fullview/images/prettyPhoto/light_rounded/btnNext.png]
[html.crunchpress.net/kc/kc_fullview/images/prettyPhoto/light_rounded/btnPrevious.png]
[html.crunchpress.net/kc/kc_fullview/images/prettyPhoto/light_rounded/loader.gif]
[html.crunchpress.net/kc/kc_fullview/images/prettyPhoto/dark_rounded/sprite.png]
[html.crunchpress.net/kc/kc_fullview/images/prettyPhoto/dark_rounded/contentPattern.png]
[html.crunchpress.net/kc/kc_fullview/images/prettyPhoto/dark_rounded/btnNext.png]
[html.crunchpress.net/kc/kc_fullview/images/prettyPhoto/dark_rounded/btnPrevious.png]
[html.crunchpress.net/kc/kc_fullview/images/prettyPhoto/dark_rounded/loader.gif]
[html.crunchpress.net/kc/kc_fullview/images/prettyPhoto/dark_square/loader.gif]
[html.crunchpress.net/kc/kc_fullview/images/prettyPhoto/dark_square/sprite.png]
[html.crunchpress.net/kc/kc_fullview/images/prettyPhoto/dark_square/btnNext.png]
[html.crunchpress.net/kc/kc_fullview/images/prettyPhoto/dark_square/btnPrevious.png]
[html.crunchpress.net/kc/kc_fullview/images/prettyPhoto/light_square/sprite.png]
[html.crunchpress.net/kc/kc_fullview/images/prettyPhoto/light_square/btnNext.png]
[html.crunchpress.net/kc/kc_fullview/images/prettyPhoto/light_square/btnPrevious.png]
[html.crunchpress.net/kc/kc_fullview/images/prettyPhoto/facebook/sprite.png]
[html.crunchpress.net/kc/kc_fullview/images/prettyPhoto/facebook/contentPatternTop.png]
[html.crunchpress.net/kc/kc_fullview/images/prettyPhoto/facebook/contentPatternLeft.png]
[html.crunchpress.net/kc/kc_fullview/images/prettyPhoto/facebook/contentPatternRight.png]
[html.crunchpress.net/kc/kc_fullview/images/prettyPhoto/facebook/loader.gif]
[html.crunchpress.net/kc/kc_fullview/images/prettyPhoto/facebook/btnNext.png]
[html.crunchpress.net/kc/kc_fullview/images/prettyPhoto/facebook/btnPrevious.png]
[html.crunchpress.net/kc/kc_fullview/images/prettyPhoto/facebook/contentPatternBottom.png]
[html.crunchpress.net/kc/kc_fullview/images/prettyPhoto/facebook/default_thumbnail.gif]
[html.crunchpress.net/kc/kc_fullview/css/prettyph.css]
[m.addthisedge.com/live/t00/ohd41d.html]
[html.crunchpress.net/kc/kc_fullview/images/progress-img.html]
[html.crunchpress.net/kc/kc_fullview/images/progress-active.html]
[html.crunchpress.net/kc/kc_fullview/images/progress-active2.html]
[html.crunchpress.net/kc/kc_fullview/images/progress-active3.html]
[html.crunchpress.net/kc/kc_fullview/images/progress-active4.html]
[html.crunchpress.net/kc/kc_fullview/images/border.html]
[html.crunchpress.net/kc/kc_fullview/img/glyphicons-halflings.html]
[html.crunchpress.net/kc/kc_fullview/img/glyphicons-halflings-white.html]
[html.crunchpress.net/kc/kc_fullview/css/fonts/flexslider-icon.html]
[html.crunchpress.net/kc/kc_fullview/css/fonts/flexslider-icond41d.html]
[html.crunchpress.net/kc/kc_fullview/css/fonts/flexslider-icon-2.html]
[html.crunchpress.net/kc/kc_fullview/css/fonts/flexslider-icon-3.html]
[html.crunchpress.net/kc/kc_fullview/css/fonts/flexslider-icon-4.html]
[html.crunchpress.net/kc/kc_fullview/css/mCSB_buttons.html]
[html.crunchpress.net/kc/kc_fullview/www.addthis.com/index.html]
